MPLINK 5.00, LINKER
Linker Map File - Created Sun Mar 22 15:29:10 2015

                                 Section Info
                  Section       Type    Address   Location Size(Bytes)
                ---------  ---------  ---------  ---------  ---------
               _entry_scn       code   0x000000    program   0x000006
              high_vector       code   0x000008    program   0x000006
               low_vector       code   0x000018    program   0x000006
                   .cinit    romdata   0x000028    program   0x000002
       .code_usb_device.o       code   0x00002a    program   0x0012ec
 .code_usb_function_cdc.o       code   0x001316    program   0x0004f4
         .code_picft245.o       code   0x00180a    program   0x0003ce
               _cinit_scn       code   0x001bd8    program   0x00009e
.romdata_usb_descriptors.o    romdata   0x001c76    program   0x000087
        .idata___init.o_i    romdata   0x001cfd    program   0x000000
        .romdata___init.o    romdata   0x001cfd    program   0x000000
         .romdata_c018i.o    romdata   0x001cfd    program   0x000000
      .romdata_picft245.o    romdata   0x001cfd    program   0x000000
      .idata_picft245.o_i    romdata   0x001cfd    program   0x000000
.romdata_usb_function_cdc.o    romdata   0x001cfd    program   0x000000
.idata_usb_function_cdc.o_i    romdata   0x001cfd    program   0x000000
    .romdata_usb_device.o    romdata   0x001cfd    program   0x000000
    .idata_usb_device.o_i    romdata   0x001cfd    program   0x000000
.idata_usb_descriptors.o_i    romdata   0x001cfd    program   0x000000
         .idata_c018i.o_i    romdata   0x001cfd    program   0x000000
            .code_c018i.o       code   0x001cfe    program   0x000000
  .code_usb_descriptors.o       code   0x001cfe    program   0x000000
                   STRING       code   0x001cfe    program   0x000034
                    .code       code   0x001d32    program   0x000020
             _startup_scn       code   0x001d52    program   0x00001c
           .code___init.o       code   0x001d6e    program   0x000002
.config_300000_picft245.o    romdata   0x300000    program   0x000001
.config_300001_picft245.o    romdata   0x300001    program   0x000001
.config_300002_picft245.o    romdata   0x300002    program   0x000001
.config_300003_picft245.o    romdata   0x300003    program   0x000001
.config_300005_picft245.o    romdata   0x300005    program   0x000001
.config_300006_picft245.o    romdata   0x300006    program   0x000001
.config_300008_picft245.o    romdata   0x300008    program   0x000001
.config_300009_picft245.o    romdata   0x300009    program   0x000001
.config_30000a_picft245.o    romdata   0x30000a    program   0x000001
.config_30000b_picft245.o    romdata   0x30000b    program   0x000001
.config_30000c_picft245.o    romdata   0x30000c    program   0x000001
.config_30000d_picft245.o    romdata   0x30000d    program   0x000001
                MATH_DATA      udata   0x000000       data   0x00000b
                 .tmpdata      udata   0x00000b       data   0x000003
        .udata_picft245.o      udata   0x000060       data   0x00004c
                   .stack      udata   0x000100       data   0x000040
      .udata_usb_device.o      udata   0x000140       data   0x000035
           .udata_c018i.o      udata   0x000175       data   0x00000a
 .udata_usb_descriptors.o      udata   0x00017f       data   0x000000
 .idata_usb_descriptors.o      idata   0x00017f       data   0x000000
      .idata_usb_device.o      idata   0x00017f       data   0x000000
.idata_usb_function_cdc.o      idata   0x00017f       data   0x000000
           .idata_c018i.o      idata   0x00017f       data   0x000000
        .idata_picft245.o      idata   0x00017f       data   0x000000
          .udata___init.o      udata   0x00017f       data   0x000000
          .idata___init.o      idata   0x00017f       data   0x000000
.udata_usb_function_cdc.o      udata   0x000180       data   0x000019
                  USB_BDT      udata   0x000200       data   0x000040
                  usbram2      udata   0x000240       data   0x000051
              SFR_BANKED0      udata   0x000f53       data   0x00000d
            SFR_UNBANKED0      udata   0x000f60       data   0x0000a0



                              Program Memory Usage 
                               Start         End      
                           ---------   ---------      
                            0x000000    0x000005      
                            0x000008    0x00000d      
                            0x000018    0x00001d      
                            0x000028    0x001cfc      
                            0x001cfe    0x001d6f      
                            0x300000    0x300003      
                            0x300005    0x300006      
                            0x300008    0x30000d      
            7525 out of 16664 program addresses used, program memory utilization is 45%



                              Symbols - Sorted by Name
                     Name    Address   Location    Storage File                     
                ---------  ---------  ---------  --------- ---------                
                CDCInitEP   0x0013b8    program     extern D:\Projects\CBUS_MERG\mplab\cbus\can_usb4\picft245\USB2.9i_cdc\USB\CDC Device Driver\usb_function_cdc.c
             CDCTxService   0x0016b6    program     extern D:\Projects\CBUS_MERG\mplab\cbus\can_usb4\picft245\USB2.9i_cdc\USB\CDC Device Driver\usb_function_cdc.c
            HIGH_INT_VECT   0x000008    program     extern D:\Projects\CBUS_MERG\mplab\cbus\can_usb4\picft245\picft245.c
         InitializeSystem   0x0019b2    program     static D:\Projects\CBUS_MERG\mplab\cbus\can_usb4\picft245\picft245.c
             LOW_INT_VECT   0x000018    program     extern D:\Projects\CBUS_MERG\mplab\cbus\can_usb4\picft245\picft245.c
                ProcessIO   0x001a1c    program     extern D:\Projects\CBUS_MERG\mplab\cbus\can_usb4\picft245\picft245.c
       USBCBCheckOtherReq   0x001ae8    program     extern D:\Projects\CBUS_MERG\mplab\cbus\can_usb4\picft245\picft245.c
        USBCBErrorHandler   0x001ae6    program     extern D:\Projects\CBUS_MERG\mplab\cbus\can_usb4\picft245\picft245.c
              USBCBInitEP   0x001aee    program     extern D:\Projects\CBUS_MERG\mplab\cbus\can_usb4\picft245\picft245.c
          USBCBSendResume   0x001af2    program     extern D:\Projects\CBUS_MERG\mplab\cbus\can_usb4\picft245\picft245.c
    USBCBStdSetDscHandler   0x001aec    program     extern D:\Projects\CBUS_MERG\mplab\cbus\can_usb4\picft245\picft245.c
             USBCBSuspend   0x001ae0    program     extern D:\Projects\CBUS_MERG\mplab\cbus\can_usb4\picft245\picft245.c
     USBCBWakeFromSuspend   0x001ae2    program     extern D:\Projects\CBUS_MERG\mplab\cbus\can_usb4\picft245\picft245.c
        USBCB_SOF_Handler   0x001ae4    program     extern D:\Projects\CBUS_MERG\mplab\cbus\can_usb4\picft245\picft245.c
       USBCDCEventHandler   0x001420    program     extern D:\Projects\CBUS_MERG\mplab\cbus\can_usb4\picft245\USB2.9i_cdc\USB\CDC Device Driver\usb_function_cdc.c
              USBCancelIO   0x000502    program     extern D:\Projects\CBUS_MERG\mplab\cbus\can_usb4\picft245\USB2.9i_cdc\USB\usb_device.c
       USBCheckCDCRequest   0x001316    program     extern D:\Projects\CBUS_MERG\mplab\cbus\can_usb4\picft245\USB2.9i_cdc\USB\CDC Device Driver\usb_function_cdc.c
       USBCheckStdRequest   0x000fc0    program     static D:\Projects\CBUS_MERG\mplab\cbus\can_usb4\picft245\USB2.9i_cdc\USB\usb_device.c
     USBConfigureEndpoint   0x000710    program     static D:\Projects\CBUS_MERG\mplab\cbus\can_usb4\picft245\USB2.9i_cdc\USB\usb_device.c
  USBCtrlEPAllowDataStage   0x000690    program     extern D:\Projects\CBUS_MERG\mplab\cbus\can_usb4\picft245\USB2.9i_cdc\USB\usb_device.c
USBCtrlEPAllowStatusStage   0x0005ee    program     extern D:\Projects\CBUS_MERG\mplab\cbus\can_usb4\picft245\USB2.9i_cdc\USB\usb_device.c
         USBCtrlEPService   0x000d92    program     static D:\Projects\CBUS_MERG\mplab\cbus\can_usb4\picft245\USB2.9i_cdc\USB\usb_device.c
 USBCtrlEPServiceComplete   0x0007ca    program     static D:\Projects\CBUS_MERG\mplab\cbus\can_usb4\picft245\USB2.9i_cdc\USB\usb_device.c
      USBCtrlTrfInHandler   0x000f06    program     static D:\Projects\CBUS_MERG\mplab\cbus\can_usb4\picft245\USB2.9i_cdc\USB\usb_device.c
     USBCtrlTrfOutHandler   0x000ebc    program     static D:\Projects\CBUS_MERG\mplab\cbus\can_usb4\picft245\USB2.9i_cdc\USB\usb_device.c
      USBCtrlTrfRxService   0x000950    program     static D:\Projects\CBUS_MERG\mplab\cbus\can_usb4\picft245\USB2.9i_cdc\USB\usb_device.c
   USBCtrlTrfSetupHandler   0x000e5e    program     static D:\Projects\CBUS_MERG\mplab\cbus\can_usb4\picft245\USB2.9i_cdc\USB\usb_device.c
      USBCtrlTrfTxService   0x00088c    program     static D:\Projects\CBUS_MERG\mplab\cbus\can_usb4\picft245\USB2.9i_cdc\USB\usb_device.c
          USBDeviceAttach   0x0005be    program     extern D:\Projects\CBUS_MERG\mplab\cbus\can_usb4\picft245\USB2.9i_cdc\USB\usb_device.c
          USBDeviceDetach   0x0005b2    program     extern D:\Projects\CBUS_MERG\mplab\cbus\can_usb4\picft245\USB2.9i_cdc\USB\usb_device.c
            USBDeviceInit   0x00002a    program     extern D:\Projects\CBUS_MERG\mplab\cbus\can_usb4\picft245\USB2.9i_cdc\USB\usb_device.c
           USBDeviceTasks   0x00014a    program     extern D:\Projects\CBUS_MERG\mplab\cbus\can_usb4\picft245\USB2.9i_cdc\USB\usb_device.c
        USBEnableEndpoint   0x0002ae    program     extern D:\Projects\CBUS_MERG\mplab\cbus\can_usb4\picft245\USB2.9i_cdc\USB\usb_device.c
         USBStallEndpoint   0x000422    program     extern D:\Projects\CBUS_MERG\mplab\cbus\can_usb4\picft245\USB2.9i_cdc\USB\usb_device.c
          USBStallHandler   0x000d06    program     static D:\Projects\CBUS_MERG\mplab\cbus\can_usb4\picft245\USB2.9i_cdc\USB\usb_device.c
  USBStdFeatureReqHandler   0x001088    program     static D:\Projects\CBUS_MERG\mplab\cbus\can_usb4\picft245\USB2.9i_cdc\USB\usb_device.c
      USBStdGetDscHandler   0x000b76    program     static D:\Projects\CBUS_MERG\mplab\cbus\can_usb4\picft245\USB2.9i_cdc\USB\usb_device.c
   USBStdGetStatusHandler   0x000c36    program     static D:\Projects\CBUS_MERG\mplab\cbus\can_usb4\picft245\USB2.9i_cdc\USB\usb_device.c
      USBStdSetCfgHandler   0x000a90    program     static D:\Projects\CBUS_MERG\mplab\cbus\can_usb4\picft245\USB2.9i_cdc\USB\usb_device.c
               USBSuspend   0x000d3a    program     static D:\Projects\CBUS_MERG\mplab\cbus\can_usb4\picft245\USB2.9i_cdc\USB\usb_device.c
     USBTransferOnePacket   0x00031c    program     extern D:\Projects\CBUS_MERG\mplab\cbus\can_usb4\picft245\USB2.9i_cdc\USB\usb_device.c
       USBWakeFromSuspend   0x000d64    program     static D:\Projects\CBUS_MERG\mplab\cbus\can_usb4\picft245\USB2.9i_cdc\USB\usb_device.c
               USB_CD_Ptr   0x001cf5    program     extern D:\Projects\CBUS_MERG\mplab\cbus\can_usb4\picft245\usb_descriptors.c
               USB_SD_Ptr   0x001cf7    program     extern D:\Projects\CBUS_MERG\mplab\cbus\can_usb4\picft245\usb_descriptors.c
USER_USB_CALLBACK_EVENT_HANDLER   0x001b3a    program     extern D:\Projects\CBUS_MERG\mplab\cbus\can_usb4\picft245\picft245.c
              _2jContinue   0x001d1e    program     static E:\3.46\pic18-lt\cxx-framework\src\traditional\stdclib\memset.asm
                   _3jEnd   0x001d28    program     static E:\3.46\pic18-lt\cxx-framework\src\traditional\stdclib\memset.asm
       ___case_0_lbl00010   0x0018ee    program     static                          
       ___case_1_lbl00011   0x001904    program     static                          
       ___case_2_lbl00016   0x00190c    program     static                          
       ___case_3_lbl00018   0x00193a    program     static                          
         ___else_lbl00015   0x00192e    program     static                          
         ___else_lbl00026   0x0019a0    program     static                          
           ___if_lbl00005   0x0018d6    program     static                          
           ___if_lbl00009   0x001902    program     static                          
           ___if_lbl00013   0x001938    program     static                          
           ___if_lbl00014   0x001938    program     static                          
           ___if_lbl00017   0x001944    program     static                          
           ___if_lbl00023   0x001988    program     static                          
           ___if_lbl00024   0x0019ae    program     static                          
           ___if_lbl00025   0x0019ae    program     static                          
           ___if_lbl00027   0x0019ae    program     static                          
       ___return_lbl00000   0x000004    program     static                          
       ___return_lbl00001   0x0018b8    program     static                          
       ___return_lbl00001   0x001d6c    program     static                          
       ___return_lbl00002   0x001c74    program     static                          
       ___return_lbl00002   0x00000c    program     static                          
       ___return_lbl00003   0x00001c    program     static                          
       ___return_lbl00004   0x0019b0    program     static                          
   ___switchexit_lbl00008   0x001946    program     static                          
        ___while_lbl00006   0x0018d6    program     static                          
        ___while_lbl00007   0x0019b0    program     static                          
        ___while_lbl00021   0x001962    program     static                          
        ___while_lbl00022   0x001966    program     static                          
               __config_0   0x300000    program     static D:\Projects\CBUS_MERG\mplab\cbus\can_usb4\picft245\picft245.c
               __config_1   0x300001    program     static D:\Projects\CBUS_MERG\mplab\cbus\can_usb4\picft245\picft245.c
              __config_10   0x30000c    program     static D:\Projects\CBUS_MERG\mplab\cbus\can_usb4\picft245\picft245.c
              __config_11   0x30000d    program     static D:\Projects\CBUS_MERG\mplab\cbus\can_usb4\picft245\picft245.c
               __config_2   0x300002    program     static D:\Projects\CBUS_MERG\mplab\cbus\can_usb4\picft245\picft245.c
               __config_3   0x300003    program     static D:\Projects\CBUS_MERG\mplab\cbus\can_usb4\picft245\picft245.c
               __config_4   0x300005    program     static D:\Projects\CBUS_MERG\mplab\cbus\can_usb4\picft245\picft245.c
               __config_5   0x300006    program     static D:\Projects\CBUS_MERG\mplab\cbus\can_usb4\picft245\picft245.c
               __config_6   0x300008    program     static D:\Projects\CBUS_MERG\mplab\cbus\can_usb4\picft245\picft245.c
               __config_7   0x300009    program     static D:\Projects\CBUS_MERG\mplab\cbus\can_usb4\picft245\picft245.c
               __config_8   0x30000a    program     static D:\Projects\CBUS_MERG\mplab\cbus\can_usb4\picft245\picft245.c
               __config_9   0x30000b    program     static D:\Projects\CBUS_MERG\mplab\cbus\can_usb4\picft245\picft245.c
                   __init   0x001d6e    program     extern E:\3.46\pic18-lt\cxx-framework\src\traditional\stdclib\__init.c
               __tmplbl_0   0x001918    program     static                          
               __tmplbl_1   0x001912    program     static                          
               __tmplbl_2   0x001952    program     static                          
               __tmplbl_3   0x00194c    program     static                          
               __tmplbl_4   0x001960    program     static                          
               __tmplbl_5   0x001958    program     static                          
            __zero_memory   0x001d32    program     extern E:\3.46\pic18-lt\cxx-framework\src\traditional\proc\p18f14k50.asm
                _do_cinit   0x001bd8    program     extern E:\3.46\pic18-lt\cxx-framework\src\traditional\startup\c018i.c
                   _entry   0x000000    program     extern E:\3.46\pic18-lt\cxx-framework\src\traditional\startup\c018i.c
                 _startup   0x001d52    program     extern E:\3.46\pic18-lt\cxx-framework\src\traditional\startup\c018i.c
                compare_l   0x001d48    program     static E:\3.46\pic18-lt\cxx-framework\src\traditional\proc\p18f14k50.asm
        configDescriptor1   0x001c88    program     extern D:\Projects\CBUS_MERG\mplab\cbus\can_usb4\picft245\usb_descriptors.c
                copy_loop   0x001c4a    program     static                          
            copy_one_byte   0x001c50    program     static                          
               device_dsc   0x001c76    program     extern D:\Projects\CBUS_MERG\mplab\cbus\can_usb4\picft245\usb_descriptors.c
                     done   0x001c74    program     static                          
             done_copying   0x001c5e    program     static                          
             getsUSBUSART   0x0014ac    program     extern D:\Projects\CBUS_MERG\mplab\cbus\can_usb4\picft245\USB2.9i_cdc\USB\CDC Device Driver\usb_function_cdc.c
                 isr_high   0x00180a    program     extern D:\Projects\CBUS_MERG\mplab\cbus\can_usb4\picft245\picft245.c
                  isr_low   0x0018a0    program     extern D:\Projects\CBUS_MERG\mplab\cbus\can_usb4\picft245\picft245.c
                     jEnd   0x001d30    program     static E:\3.46\pic18-lt\cxx-framework\src\traditional\stdclib\memset.asm
                    jLoop   0x001d12    program     static E:\3.46\pic18-lt\cxx-framework\src\traditional\stdclib\memset.asm
                     loop   0x001d62    program     static                          
                   loop_h   0x001d40    program     static E:\3.46\pic18-lt\cxx-framework\src\traditional\proc\p18f14k50.asm
                   loop_l   0x001d4a    program     static E:\3.46\pic18-lt\cxx-framework\src\traditional\proc\p18f14k50.asm
                     main   0x0018ca    program     extern D:\Projects\CBUS_MERG\mplab\cbus\can_usb4\picft245\picft245.c
                   memset   0x001cfe    program     extern E:\3.46\pic18-lt\cxx-framework\src\traditional\stdclib\memset.asm
              putUSBUSART   0x00156e    program     extern D:\Projects\CBUS_MERG\mplab\cbus\can_usb4\picft245\USB2.9i_cdc\USB\CDC Device Driver\usb_function_cdc.c
            putrsUSBUSART   0x00162a    program     extern D:\Projects\CBUS_MERG\mplab\cbus\can_usb4\picft245\USB2.9i_cdc\USB\CDC Device Driver\usb_function_cdc.c
             putsUSBUSART   0x0015a0    program     extern D:\Projects\CBUS_MERG\mplab\cbus\can_usb4\picft245\USB2.9i_cdc\USB\CDC Device Driver\usb_function_cdc.c
                    sd000   0x001ccb    program     extern D:\Projects\CBUS_MERG\mplab\cbus\can_usb4\picft245\usb_descriptors.c
                    sd001   0x001ccf    program     extern D:\Projects\CBUS_MERG\mplab\cbus\can_usb4\picft245\usb_descriptors.c
                    sd002   0x001ce3    program     extern D:\Projects\CBUS_MERG\mplab\cbus\can_usb4\picft245\usb_descriptors.c
                     test   0x001bf2    program     static                          
               usbGetChar   0x001aa6    program     extern D:\Projects\CBUS_MERG\mplab\cbus\can_usb4\picft245\picft245.c
             usbIsDataRdy   0x001a94    program     extern D:\Projects\CBUS_MERG\mplab\cbus\can_usb4\picft245\picft245.c
               zero_block   0x001d40    program     static E:\3.46\pic18-lt\cxx-framework\src\traditional\proc\p18f14k50.asm
                   ADCON0   0x000fc2       data     extern E:\3.46\pic18-lt\cxx-framework\src\traditional\proc\p18f14k50.asm
               ADCON0bits   0x000fc2       data     extern E:\3.46\pic18-lt\cxx-framework\src\traditional\proc\p18f14k50.asm
                   ADCON1   0x000fc1       data     extern E:\3.46\pic18-lt\cxx-framework\src\traditional\proc\p18f14k50.asm
               ADCON1bits   0x000fc1       data     extern E:\3.46\pic18-lt\cxx-framework\src\traditional\proc\p18f14k50.asm
                   ADCON2   0x000fc0       data     extern E:\3.46\pic18-lt\cxx-framework\src\traditional\proc\p18f14k50.asm
               ADCON2bits   0x000fc0       data     extern E:\3.46\pic18-lt\cxx-framework\src\traditional\proc\p18f14k50.asm
                    ADRES   0x000fc3       data     extern E:\3.46\pic18-lt\cxx-framework\src\traditional\proc\p18f14k50.asm
                   ADRESH   0x000fc4       data     extern E:\3.46\pic18-lt\cxx-framework\src\traditional\proc\p18f14k50.asm
                   ADRESL   0x000fc3       data     extern E:\3.46\pic18-lt\cxx-framework\src\traditional\proc\p18f14k50.asm
                    ANSEL   0x000f7e       data     extern E:\3.46\pic18-lt\cxx-framework\src\traditional\proc\p18f14k50.asm
                   ANSELH   0x000f7f       data     extern E:\3.46\pic18-lt\cxx-framework\src\traditional\proc\p18f14k50.asm
               ANSELHbits   0x000f7f       data     extern E:\3.46\pic18-lt\cxx-framework\src\traditional\proc\p18f14k50.asm
                ANSELbits   0x000f7e       data     extern E:\3.46\pic18-lt\cxx-framework\src\traditional\proc\p18f14k50.asm
                  BAUDCON   0x000fb8       data     extern E:\3.46\pic18-lt\cxx-framework\src\traditional\proc\p18f14k50.asm
              BAUDCONbits   0x000fb8       data     extern E:\3.46\pic18-lt\cxx-framework\src\traditional\proc\p18f14k50.asm
                  BAUDCTL   0x000fb8       data     extern E:\3.46\pic18-lt\cxx-framework\src\traditional\proc\p18f14k50.asm
              BAUDCTLbits   0x000fb8       data     extern E:\3.46\pic18-lt\cxx-framework\src\traditional\proc\p18f14k50.asm
                      BDT   0x000200       data     extern D:\Projects\CBUS_MERG\mplab\cbus\can_usb4\picft245\USB2.9i_cdc\USB\usb_device.c
                      BSR   0x000fe0       data     extern E:\3.46\pic18-lt\cxx-framework\src\traditional\proc\p18f14k50.asm
              BaudRateGen   0x00018d       data     extern D:\Projects\CBUS_MERG\mplab\cbus\can_usb4\picft245\USB2.9i_cdc\USB\CDC Device Driver\usb_function_cdc.c
       BothEP0OutUOWNsSet   0x000168       data     extern D:\Projects\CBUS_MERG\mplab\cbus\can_usb4\picft245\USB2.9i_cdc\USB\usb_device.c
                  CCP1CON   0x000fbd       data     extern E:\3.46\pic18-lt\cxx-framework\src\traditional\proc\p18f14k50.asm
              CCP1CONbits   0x000fbd       data     extern E:\3.46\pic18-lt\cxx-framework\src\traditional\proc\p18f14k50.asm
                    CCPR1   0x000fbe       data     extern E:\3.46\pic18-lt\cxx-framework\src\traditional\proc\p18f14k50.asm
                   CCPR1H   0x000fbf       data     extern E:\3.46\pic18-lt\cxx-framework\src\traditional\proc\p18f14k50.asm
                   CCPR1L   0x000fbe       data     extern E:\3.46\pic18-lt\cxx-framework\src\traditional\proc\p18f14k50.asm
          CDCDataInHandle   0x00018a       data     extern D:\Projects\CBUS_MERG\mplab\cbus\can_usb4\picft245\USB2.9i_cdc\USB\CDC Device Driver\usb_function_cdc.c
         CDCDataOutHandle   0x000188       data     extern D:\Projects\CBUS_MERG\mplab\cbus\can_usb4\picft245\USB2.9i_cdc\USB\CDC Device Driver\usb_function_cdc.c
                  CM1CON0   0x000f6d       data     extern E:\3.46\pic18-lt\cxx-framework\src\traditional\proc\p18f14k50.asm
              CM1CON0bits   0x000f6d       data     extern E:\3.46\pic18-lt\cxx-framework\src\traditional\proc\p18f14k50.asm
                  CM2CON0   0x000f6b       data     extern E:\3.46\pic18-lt\cxx-framework\src\traditional\proc\p18f14k50.asm
              CM2CON0bits   0x000f6b       data     extern E:\3.46\pic18-lt\cxx-framework\src\traditional\proc\p18f14k50.asm
                  CM2CON1   0x000f6c       data     extern E:\3.46\pic18-lt\cxx-framework\src\traditional\proc\p18f14k50.asm
              CM2CON1bits   0x000f6c       data     extern E:\3.46\pic18-lt\cxx-framework\src\traditional\proc\p18f14k50.asm
              CtrlTrfData   0x000238       data     extern D:\Projects\CBUS_MERG\mplab\cbus\can_usb4\picft245\USB2.9i_cdc\USB\usb_device.c
                     DDRA   0x000f92       data     extern E:\3.46\pic18-lt\cxx-framework\src\traditional\proc\p18f14k50.asm
                 DDRAbits   0x000f92       data     extern E:\3.46\pic18-lt\cxx-framework\src\traditional\proc\p18f14k50.asm
                     DDRB   0x000f93       data     extern E:\3.46\pic18-lt\cxx-framework\src\traditional\proc\p18f14k50.asm
                 DDRBbits   0x000f93       data     extern E:\3.46\pic18-lt\cxx-framework\src\traditional\proc\p18f14k50.asm
                     DDRC   0x000f94       data     extern E:\3.46\pic18-lt\cxx-framework\src\traditional\proc\p18f14k50.asm
                 DDRCbits   0x000f94       data     extern E:\3.46\pic18-lt\cxx-framework\src\traditional\proc\p18f14k50.asm
                  ECCP1AS   0x000fb6       data     extern E:\3.46\pic18-lt\cxx-framework\src\traditional\proc\p18f14k50.asm
              ECCP1ASbits   0x000fb6       data     extern E:\3.46\pic18-lt\cxx-framework\src\traditional\proc\p18f14k50.asm
                    EEADR   0x000fa9       data     extern E:\3.46\pic18-lt\cxx-framework\src\traditional\proc\p18f14k50.asm
                EEADRbits   0x000fa9       data     extern E:\3.46\pic18-lt\cxx-framework\src\traditional\proc\p18f14k50.asm
                   EECON1   0x000fa6       data     extern E:\3.46\pic18-lt\cxx-framework\src\traditional\proc\p18f14k50.asm
               EECON1bits   0x000fa6       data     extern E:\3.46\pic18-lt\cxx-framework\src\traditional\proc\p18f14k50.asm
                   EECON2   0x000fa7       data     extern E:\3.46\pic18-lt\cxx-framework\src\traditional\proc\p18f14k50.asm
                   EEDATA   0x000fa8       data     extern E:\3.46\pic18-lt\cxx-framework\src\traditional\proc\p18f14k50.asm
                     FSR0   0x000fe9       data     extern E:\3.46\pic18-lt\cxx-framework\src\traditional\proc\p18f14k50.asm
                    FSR0H   0x000fea       data     extern E:\3.46\pic18-lt\cxx-framework\src\traditional\proc\p18f14k50.asm
                    FSR0L   0x000fe9       data     extern E:\3.46\pic18-lt\cxx-framework\src\traditional\proc\p18f14k50.asm
                     FSR1   0x000fe1       data     extern E:\3.46\pic18-lt\cxx-framework\src\traditional\proc\p18f14k50.asm
                    FSR1H   0x000fe2       data     extern E:\3.46\pic18-lt\cxx-framework\src\traditional\proc\p18f14k50.asm
                    FSR1L   0x000fe1       data     extern E:\3.46\pic18-lt\cxx-framework\src\traditional\proc\p18f14k50.asm
                     FSR2   0x000fd9       data     extern E:\3.46\pic18-lt\cxx-framework\src\traditional\proc\p18f14k50.asm
                    FSR2H   0x000fda       data     extern E:\3.46\pic18-lt\cxx-framework\src\traditional\proc\p18f14k50.asm
                    FSR2L   0x000fd9       data     extern E:\3.46\pic18-lt\cxx-framework\src\traditional\proc\p18f14k50.asm
                    INDF0   0x000fef       data     extern E:\3.46\pic18-lt\cxx-framework\src\traditional\proc\p18f14k50.asm
                    INDF1   0x000fe7       data     extern E:\3.46\pic18-lt\cxx-framework\src\traditional\proc\p18f14k50.asm
                    INDF2   0x000fdf       data     extern E:\3.46\pic18-lt\cxx-framework\src\traditional\proc\p18f14k50.asm
                   INTCON   0x000ff2       data     extern E:\3.46\pic18-lt\cxx-framework\src\traditional\proc\p18f14k50.asm
                  INTCON2   0x000ff1       data     extern E:\3.46\pic18-lt\cxx-framework\src\traditional\proc\p18f14k50.asm
              INTCON2bits   0x000ff1       data     extern E:\3.46\pic18-lt\cxx-framework\src\traditional\proc\p18f14k50.asm
                  INTCON3   0x000ff0       data     extern E:\3.46\pic18-lt\cxx-framework\src\traditional\proc\p18f14k50.asm
              INTCON3bits   0x000ff0       data     extern E:\3.46\pic18-lt\cxx-framework\src\traditional\proc\p18f14k50.asm
               INTCONbits   0x000ff2       data     extern E:\3.46\pic18-lt\cxx-framework\src\traditional\proc\p18f14k50.asm
                     IOCA   0x000f79       data     extern E:\3.46\pic18-lt\cxx-framework\src\traditional\proc\p18f14k50.asm
                 IOCAbits   0x000f79       data     extern E:\3.46\pic18-lt\cxx-framework\src\traditional\proc\p18f14k50.asm
                     IOCB   0x000f7a       data     extern E:\3.46\pic18-lt\cxx-framework\src\traditional\proc\p18f14k50.asm
                 IOCBbits   0x000f7a       data     extern E:\3.46\pic18-lt\cxx-framework\src\traditional\proc\p18f14k50.asm
                     IPR1   0x000f9f       data     extern E:\3.46\pic18-lt\cxx-framework\src\traditional\proc\p18f14k50.asm
                 IPR1bits   0x000f9f       data     extern E:\3.46\pic18-lt\cxx-framework\src\traditional\proc\p18f14k50.asm
                     IPR2   0x000fa2       data     extern E:\3.46\pic18-lt\cxx-framework\src\traditional\proc\p18f14k50.asm
                 IPR2bits   0x000fa2       data     extern E:\3.46\pic18-lt\cxx-framework\src\traditional\proc\p18f14k50.asm
                     LATA   0x000f89       data     extern E:\3.46\pic18-lt\cxx-framework\src\traditional\proc\p18f14k50.asm
                 LATAbits   0x000f89       data     extern E:\3.46\pic18-lt\cxx-framework\src\traditional\proc\p18f14k50.asm
                     LATB   0x000f8a       data     extern E:\3.46\pic18-lt\cxx-framework\src\traditional\proc\p18f14k50.asm
                 LATBbits   0x000f8a       data     extern E:\3.46\pic18-lt\cxx-framework\src\traditional\proc\p18f14k50.asm
                     LATC   0x000f8b       data     extern E:\3.46\pic18-lt\cxx-framework\src\traditional\proc\p18f14k50.asm
                 LATCbits   0x000f8b       data     extern E:\3.46\pic18-lt\cxx-framework\src\traditional\proc\p18f14k50.asm
                LastUSBIn   0x0000a1       data     extern D:\Projects\CBUS_MERG\mplab\cbus\can_usb4\picft245\picft245.c
               NextUSBOut   0x0000a0       data     extern D:\Projects\CBUS_MERG\mplab\cbus\can_usb4\picft245\picft245.c
                   OSCCON   0x000fd3       data     extern E:\3.46\pic18-lt\cxx-framework\src\traditional\proc\p18f14k50.asm
                  OSCCON2   0x000fd2       data     extern E:\3.46\pic18-lt\cxx-framework\src\traditional\proc\p18f14k50.asm
              OSCCON2bits   0x000fd2       data     extern E:\3.46\pic18-lt\cxx-framework\src\traditional\proc\p18f14k50.asm
               OSCCONbits   0x000fd3       data     extern E:\3.46\pic18-lt\cxx-framework\src\traditional\proc\p18f14k50.asm
                  OSCTUNE   0x000f9b       data     extern E:\3.46\pic18-lt\cxx-framework\src\traditional\proc\p18f14k50.asm
              OSCTUNEbits   0x000f9b       data     extern E:\3.46\pic18-lt\cxx-framework\src\traditional\proc\p18f14k50.asm
                       PC   0x000ff9       data     extern E:\3.46\pic18-lt\cxx-framework\src\traditional\proc\p18f14k50.asm
                      PCL   0x000ff9       data     extern E:\3.46\pic18-lt\cxx-framework\src\traditional\proc\p18f14k50.asm
                   PCLATH   0x000ffa       data     extern E:\3.46\pic18-lt\cxx-framework\src\traditional\proc\p18f14k50.asm
                   PCLATU   0x000ffb       data     extern E:\3.46\pic18-lt\cxx-framework\src\traditional\proc\p18f14k50.asm
                     PIE1   0x000f9d       data     extern E:\3.46\pic18-lt\cxx-framework\src\traditional\proc\p18f14k50.asm
                 PIE1bits   0x000f9d       data     extern E:\3.46\pic18-lt\cxx-framework\src\traditional\proc\p18f14k50.asm
                     PIE2   0x000fa0       data     extern E:\3.46\pic18-lt\cxx-framework\src\traditional\proc\p18f14k50.asm
                 PIE2bits   0x000fa0       data     extern E:\3.46\pic18-lt\cxx-framework\src\traditional\proc\p18f14k50.asm
                     PIR1   0x000f9e       data     extern E:\3.46\pic18-lt\cxx-framework\src\traditional\proc\p18f14k50.asm
                 PIR1bits   0x000f9e       data     extern E:\3.46\pic18-lt\cxx-framework\src\traditional\proc\p18f14k50.asm
                     PIR2   0x000fa1       data     extern E:\3.46\pic18-lt\cxx-framework\src\traditional\proc\p18f14k50.asm
                 PIR2bits   0x000fa1       data     extern E:\3.46\pic18-lt\cxx-framework\src\traditional\proc\p18f14k50.asm
                   PLUSW0   0x000feb       data     extern E:\3.46\pic18-lt\cxx-framework\src\traditional\proc\p18f14k50.asm
                   PLUSW1   0x000fe3       data     extern E:\3.46\pic18-lt\cxx-framework\src\traditional\proc\p18f14k50.asm
                   PLUSW2   0x000fdb       data     extern E:\3.46\pic18-lt\cxx-framework\src\traditional\proc\p18f14k50.asm
                    PORTA   0x000f80       data     extern E:\3.46\pic18-lt\cxx-framework\src\traditional\proc\p18f14k50.asm
                PORTAbits   0x000f80       data     extern E:\3.46\pic18-lt\cxx-framework\src\traditional\proc\p18f14k50.asm
                    PORTB   0x000f81       data     extern E:\3.46\pic18-lt\cxx-framework\src\traditional\proc\p18f14k50.asm
                PORTBbits   0x000f81       data     extern E:\3.46\pic18-lt\cxx-framework\src\traditional\proc\p18f14k50.asm
                    PORTC   0x000f82       data     extern E:\3.46\pic18-lt\cxx-framework\src\traditional\proc\p18f14k50.asm
                PORTCbits   0x000f82       data     extern E:\3.46\pic18-lt\cxx-framework\src\traditional\proc\p18f14k50.asm
                 POSTDEC0   0x000fed       data     extern E:\3.46\pic18-lt\cxx-framework\src\traditional\proc\p18f14k50.asm
                 POSTDEC1   0x000fe5       data     extern E:\3.46\pic18-lt\cxx-framework\src\traditional\proc\p18f14k50.asm
                 POSTDEC2   0x000fdd       data     extern E:\3.46\pic18-lt\cxx-framework\src\traditional\proc\p18f14k50.asm
                 POSTINC0   0x000fee       data     extern E:\3.46\pic18-lt\cxx-framework\src\traditional\proc\p18f14k50.asm
                 POSTINC1   0x000fe6       data     extern E:\3.46\pic18-lt\cxx-framework\src\traditional\proc\p18f14k50.asm
                 POSTINC2   0x000fde       data     extern E:\3.46\pic18-lt\cxx-framework\src\traditional\proc\p18f14k50.asm
                      PR2   0x000fcb       data     extern E:\3.46\pic18-lt\cxx-framework\src\traditional\proc\p18f14k50.asm
                  PREINC0   0x000fec       data     extern E:\3.46\pic18-lt\cxx-framework\src\traditional\proc\p18f14k50.asm
                  PREINC1   0x000fe4       data     extern E:\3.46\pic18-lt\cxx-framework\src\traditional\proc\p18f14k50.asm
                  PREINC2   0x000fdc       data     extern E:\3.46\pic18-lt\cxx-framework\src\traditional\proc\p18f14k50.asm
                     PROD   0x000ff3       data     extern E:\3.46\pic18-lt\cxx-framework\src\traditional\proc\p18f14k50.asm
                    PRODH   0x000ff4       data     extern E:\3.46\pic18-lt\cxx-framework\src\traditional\proc\p18f14k50.asm
                    PRODL   0x000ff3       data     extern E:\3.46\pic18-lt\cxx-framework\src\traditional\proc\p18f14k50.asm
                  PSTRCON   0x000fb9       data     extern E:\3.46\pic18-lt\cxx-framework\src\traditional\proc\p18f14k50.asm
              PSTRCONbits   0x000fb9       data     extern E:\3.46\pic18-lt\cxx-framework\src\traditional\proc\p18f14k50.asm
                  PWM1CON   0x000fb7       data     extern E:\3.46\pic18-lt\cxx-framework\src\traditional\proc\p18f14k50.asm
              PWM1CONbits   0x000fb7       data     extern E:\3.46\pic18-lt\cxx-framework\src\traditional\proc\p18f14k50.asm
                     RCON   0x000fd0       data     extern E:\3.46\pic18-lt\cxx-framework\src\traditional\proc\p18f14k50.asm
                 RCONbits   0x000fd0       data     extern E:\3.46\pic18-lt\cxx-framework\src\traditional\proc\p18f14k50.asm
                    RCREG   0x000fae       data     extern E:\3.46\pic18-lt\cxx-framework\src\traditional\proc\p18f14k50.asm
                    RCSTA   0x000fab       data     extern E:\3.46\pic18-lt\cxx-framework\src\traditional\proc\p18f14k50.asm
                RCSTAbits   0x000fab       data     extern E:\3.46\pic18-lt\cxx-framework\src\traditional\proc\p18f14k50.asm
                  REFCON0   0x000fba       data     extern E:\3.46\pic18-lt\cxx-framework\src\traditional\proc\p18f14k50.asm
              REFCON0bits   0x000fba       data     extern E:\3.46\pic18-lt\cxx-framework\src\traditional\proc\p18f14k50.asm
                  REFCON1   0x000fbb       data     extern E:\3.46\pic18-lt\cxx-framework\src\traditional\proc\p18f14k50.asm
              REFCON1bits   0x000fbb       data     extern E:\3.46\pic18-lt\cxx-framework\src\traditional\proc\p18f14k50.asm
                  REFCON2   0x000fbc       data     extern E:\3.46\pic18-lt\cxx-framework\src\traditional\proc\p18f14k50.asm
              REFCON2bits   0x000fbc       data     extern E:\3.46\pic18-lt\cxx-framework\src\traditional\proc\p18f14k50.asm
             RemoteWakeup   0x000164       data     extern D:\Projects\CBUS_MERG\mplab\cbus\can_usb4\picft245\USB2.9i_cdc\USB\usb_device.c
                     SIGN   0x000009       data     extern E:\3.46\pic18-lt\cxx-framework\src\traditional\math\cmath18.asm
                   SLRCON   0x000f76       data     extern E:\3.46\pic18-lt\cxx-framework\src\traditional\proc\p18f14k50.asm
               SLRCONbits   0x000f76       data     extern E:\3.46\pic18-lt\cxx-framework\src\traditional\proc\p18f14k50.asm
                    SPBRG   0x000faf       data     extern E:\3.46\pic18-lt\cxx-framework\src\traditional\proc\p18f14k50.asm
                   SPBRGH   0x000fb0       data     extern E:\3.46\pic18-lt\cxx-framework\src\traditional\proc\p18f14k50.asm
                   SRCON0   0x000f68       data     extern E:\3.46\pic18-lt\cxx-framework\src\traditional\proc\p18f14k50.asm
               SRCON0bits   0x000f68       data     extern E:\3.46\pic18-lt\cxx-framework\src\traditional\proc\p18f14k50.asm
                   SRCON1   0x000f69       data     extern E:\3.46\pic18-lt\cxx-framework\src\traditional\proc\p18f14k50.asm
               SRCON1bits   0x000f69       data     extern E:\3.46\pic18-lt\cxx-framework\src\traditional\proc\p18f14k50.asm
                   SSPADD   0x000fc8       data     extern E:\3.46\pic18-lt\cxx-framework\src\traditional\proc\p18f14k50.asm
                   SSPBUF   0x000fc9       data     extern E:\3.46\pic18-lt\cxx-framework\src\traditional\proc\p18f14k50.asm
                  SSPCON1   0x000fc6       data     extern E:\3.46\pic18-lt\cxx-framework\src\traditional\proc\p18f14k50.asm
              SSPCON1bits   0x000fc6       data     extern E:\3.46\pic18-lt\cxx-framework\src\traditional\proc\p18f14k50.asm
                  SSPCON2   0x000fc5       data     extern E:\3.46\pic18-lt\cxx-framework\src\traditional\proc\p18f14k50.asm
              SSPCON2bits   0x000fc5       data     extern E:\3.46\pic18-lt\cxx-framework\src\traditional\proc\p18f14k50.asm
                   SSPMSK   0x000f6f       data     extern E:\3.46\pic18-lt\cxx-framework\src\traditional\proc\p18f14k50.asm
               SSPMSKbits   0x000f6f       data     extern E:\3.46\pic18-lt\cxx-framework\src\traditional\proc\p18f14k50.asm
                  SSPSTAT   0x000fc7       data     extern E:\3.46\pic18-lt\cxx-framework\src\traditional\proc\p18f14k50.asm
              SSPSTATbits   0x000fc7       data     extern E:\3.46\pic18-lt\cxx-framework\src\traditional\proc\p18f14k50.asm
                   STATUS   0x000fd8       data     extern E:\3.46\pic18-lt\cxx-framework\src\traditional\proc\p18f14k50.asm
               STATUSbits   0x000fd8       data     extern E:\3.46\pic18-lt\cxx-framework\src\traditional\proc\p18f14k50.asm
                   STKPTR   0x000ffc       data     extern E:\3.46\pic18-lt\cxx-framework\src\traditional\proc\p18f14k50.asm
               STKPTRbits   0x000ffc       data     extern E:\3.46\pic18-lt\cxx-framework\src\traditional\proc\p18f14k50.asm
                 SetupPkt   0x000230       data     extern D:\Projects\CBUS_MERG\mplab\cbus\can_usb4\picft245\USB2.9i_cdc\USB\usb_device.c
                    T0CON   0x000fd5       data     extern E:\3.46\pic18-lt\cxx-framework\src\traditional\proc\p18f14k50.asm
                T0CONbits   0x000fd5       data     extern E:\3.46\pic18-lt\cxx-framework\src\traditional\proc\p18f14k50.asm
                    T1CON   0x000fcd       data     extern E:\3.46\pic18-lt\cxx-framework\src\traditional\proc\p18f14k50.asm
                T1CONbits   0x000fcd       data     extern E:\3.46\pic18-lt\cxx-framework\src\traditional\proc\p18f14k50.asm
                    T2CON   0x000fca       data     extern E:\3.46\pic18-lt\cxx-framework\src\traditional\proc\p18f14k50.asm
                T2CONbits   0x000fca       data     extern E:\3.46\pic18-lt\cxx-framework\src\traditional\proc\p18f14k50.asm
                    T3CON   0x000fb1       data     extern E:\3.46\pic18-lt\cxx-framework\src\traditional\proc\p18f14k50.asm
                T3CONbits   0x000fb1       data     extern E:\3.46\pic18-lt\cxx-framework\src\traditional\proc\p18f14k50.asm
                   TABLAT   0x000ff5       data     extern E:\3.46\pic18-lt\cxx-framework\src\traditional\proc\p18f14k50.asm
                   TBLPTR   0x000ff6       data     extern E:\3.46\pic18-lt\cxx-framework\src\traditional\proc\p18f14k50.asm
                  TBLPTRH   0x000ff7       data     extern E:\3.46\pic18-lt\cxx-framework\src\traditional\proc\p18f14k50.asm
                  TBLPTRL   0x000ff6       data     extern E:\3.46\pic18-lt\cxx-framework\src\traditional\proc\p18f14k50.asm
                  TBLPTRU   0x000ff8       data     extern E:\3.46\pic18-lt\cxx-framework\src\traditional\proc\p18f14k50.asm
                    TMR0H   0x000fd7       data     extern E:\3.46\pic18-lt\cxx-framework\src\traditional\proc\p18f14k50.asm
                    TMR0L   0x000fd6       data     extern E:\3.46\pic18-lt\cxx-framework\src\traditional\proc\p18f14k50.asm
                    TMR1H   0x000fcf       data     extern E:\3.46\pic18-lt\cxx-framework\src\traditional\proc\p18f14k50.asm
                    TMR1L   0x000fce       data     extern E:\3.46\pic18-lt\cxx-framework\src\traditional\proc\p18f14k50.asm
                     TMR2   0x000fcc       data     extern E:\3.46\pic18-lt\cxx-framework\src\traditional\proc\p18f14k50.asm
                    TMR3H   0x000fb3       data     extern E:\3.46\pic18-lt\cxx-framework\src\traditional\proc\p18f14k50.asm
                    TMR3L   0x000fb2       data     extern E:\3.46\pic18-lt\cxx-framework\src\traditional\proc\p18f14k50.asm
                      TOS   0x000ffd       data     extern E:\3.46\pic18-lt\cxx-framework\src\traditional\proc\p18f14k50.asm
                     TOSH   0x000ffe       data     extern E:\3.46\pic18-lt\cxx-framework\src\traditional\proc\p18f14k50.asm
                     TOSL   0x000ffd       data     extern E:\3.46\pic18-lt\cxx-framework\src\traditional\proc\p18f14k50.asm
                     TOSU   0x000fff       data     extern E:\3.46\pic18-lt\cxx-framework\src\traditional\proc\p18f14k50.asm
                    TRISA   0x000f92       data     extern E:\3.46\pic18-lt\cxx-framework\src\traditional\proc\p18f14k50.asm
                TRISAbits   0x000f92       data     extern E:\3.46\pic18-lt\cxx-framework\src\traditional\proc\p18f14k50.asm
                    TRISB   0x000f93       data     extern E:\3.46\pic18-lt\cxx-framework\src\traditional\proc\p18f14k50.asm
                TRISBbits   0x000f93       data     extern E:\3.46\pic18-lt\cxx-framework\src\traditional\proc\p18f14k50.asm
                    TRISC   0x000f94       data     extern E:\3.46\pic18-lt\cxx-framework\src\traditional\proc\p18f14k50.asm
                TRISCbits   0x000f94       data     extern E:\3.46\pic18-lt\cxx-framework\src\traditional\proc\p18f14k50.asm
                    TXREG   0x000fad       data     extern E:\3.46\pic18-lt\cxx-framework\src\traditional\proc\p18f14k50.asm
                    TXSTA   0x000fac       data     extern E:\3.46\pic18-lt\cxx-framework\src\traditional\proc\p18f14k50.asm
                TXSTAbits   0x000fac       data     extern E:\3.46\pic18-lt\cxx-framework\src\traditional\proc\p18f14k50.asm
                    UADDR   0x000f5c       data     extern E:\3.46\pic18-lt\cxx-framework\src\traditional\proc\p18f14k50.asm
                UADDRbits   0x000f5c       data     extern E:\3.46\pic18-lt\cxx-framework\src\traditional\proc\p18f14k50.asm
                     UCFG   0x000f61       data     extern E:\3.46\pic18-lt\cxx-framework\src\traditional\proc\p18f14k50.asm
                 UCFGbits   0x000f61       data     extern E:\3.46\pic18-lt\cxx-framework\src\traditional\proc\p18f14k50.asm
                     UCON   0x000f64       data     extern E:\3.46\pic18-lt\cxx-framework\src\traditional\proc\p18f14k50.asm
                 UCONbits   0x000f64       data     extern E:\3.46\pic18-lt\cxx-framework\src\traditional\proc\p18f14k50.asm
                     UEIE   0x000f5b       data     extern E:\3.46\pic18-lt\cxx-framework\src\traditional\proc\p18f14k50.asm
                 UEIEbits   0x000f5b       data     extern E:\3.46\pic18-lt\cxx-framework\src\traditional\proc\p18f14k50.asm
                     UEIR   0x000f5f       data     extern E:\3.46\pic18-lt\cxx-framework\src\traditional\proc\p18f14k50.asm
                 UEIRbits   0x000f5f       data     extern E:\3.46\pic18-lt\cxx-framework\src\traditional\proc\p18f14k50.asm
                     UEP0   0x000f53       data     extern E:\3.46\pic18-lt\cxx-framework\src\traditional\proc\p18f14k50.asm
                 UEP0bits   0x000f53       data     extern E:\3.46\pic18-lt\cxx-framework\src\traditional\proc\p18f14k50.asm
                     UEP1   0x000f54       data     extern E:\3.46\pic18-lt\cxx-framework\src\traditional\proc\p18f14k50.asm
                 UEP1bits   0x000f54       data     extern E:\3.46\pic18-lt\cxx-framework\src\traditional\proc\p18f14k50.asm
                     UEP2   0x000f55       data     extern E:\3.46\pic18-lt\cxx-framework\src\traditional\proc\p18f14k50.asm
                 UEP2bits   0x000f55       data     extern E:\3.46\pic18-lt\cxx-framework\src\traditional\proc\p18f14k50.asm
                     UEP3   0x000f56       data     extern E:\3.46\pic18-lt\cxx-framework\src\traditional\proc\p18f14k50.asm
                 UEP3bits   0x000f56       data     extern E:\3.46\pic18-lt\cxx-framework\src\traditional\proc\p18f14k50.asm
                     UEP4   0x000f57       data     extern E:\3.46\pic18-lt\cxx-framework\src\traditional\proc\p18f14k50.asm
                 UEP4bits   0x000f57       data     extern E:\3.46\pic18-lt\cxx-framework\src\traditional\proc\p18f14k50.asm
                     UEP5   0x000f58       data     extern E:\3.46\pic18-lt\cxx-framework\src\traditional\proc\p18f14k50.asm
                 UEP5bits   0x000f58       data     extern E:\3.46\pic18-lt\cxx-framework\src\traditional\proc\p18f14k50.asm
                     UEP6   0x000f59       data     extern E:\3.46\pic18-lt\cxx-framework\src\traditional\proc\p18f14k50.asm
                 UEP6bits   0x000f59       data     extern E:\3.46\pic18-lt\cxx-framework\src\traditional\proc\p18f14k50.asm
                     UEP7   0x000f5a       data     extern E:\3.46\pic18-lt\cxx-framework\src\traditional\proc\p18f14k50.asm
                 UEP7bits   0x000f5a       data     extern E:\3.46\pic18-lt\cxx-framework\src\traditional\proc\p18f14k50.asm
                    UFRMH   0x000f5e       data     extern E:\3.46\pic18-lt\cxx-framework\src\traditional\proc\p18f14k50.asm
                UFRMHbits   0x000f5e       data     extern E:\3.46\pic18-lt\cxx-framework\src\traditional\proc\p18f14k50.asm
                    UFRML   0x000f5d       data     extern E:\3.46\pic18-lt\cxx-framework\src\traditional\proc\p18f14k50.asm
                UFRMLbits   0x000f5d       data     extern E:\3.46\pic18-lt\cxx-framework\src\traditional\proc\p18f14k50.asm
                      UIE   0x000f60       data     extern E:\3.46\pic18-lt\cxx-framework\src\traditional\proc\p18f14k50.asm
                  UIEbits   0x000f60       data     extern E:\3.46\pic18-lt\cxx-framework\src\traditional\proc\p18f14k50.asm
                      UIR   0x000f62       data     extern E:\3.46\pic18-lt\cxx-framework\src\traditional\proc\p18f14k50.asm
                  UIRbits   0x000f62       data     extern E:\3.46\pic18-lt\cxx-framework\src\traditional\proc\p18f14k50.asm
   USBActiveConfiguration   0x000141       data     extern D:\Projects\CBUS_MERG\mplab\cbus\can_usb4\picft245\USB2.9i_cdc\USB\usb_device.c
    USBAlternateInterface   0x000142       data     extern D:\Projects\CBUS_MERG\mplab\cbus\can_usb4\picft245\USB2.9i_cdc\USB\usb_device.c
        USBBusIsSuspended   0x000165       data     extern D:\Projects\CBUS_MERG\mplab\cbus\can_usb4\picft245\USB2.9i_cdc\USB\usb_device.c
USBDeferINDataStagePackets   0x000173       data     extern D:\Projects\CBUS_MERG\mplab\cbus\can_usb4\picft245\USB2.9i_cdc\USB\usb_device.c
USBDeferOUTDataStagePackets   0x000174       data     extern D:\Projects\CBUS_MERG\mplab\cbus\can_usb4\picft245\USB2.9i_cdc\USB\usb_device.c
USBDeferStatusStagePacket   0x000170       data     extern D:\Projects\CBUS_MERG\mplab\cbus\can_usb4\picft245\USB2.9i_cdc\USB\usb_device.c
           USBDeviceState   0x000140       data     extern D:\Projects\CBUS_MERG\mplab\cbus\can_usb4\picft245\USB2.9i_cdc\USB\usb_device.c
USBStatusStageEnabledFlag1   0x000171       data     extern D:\Projects\CBUS_MERG\mplab\cbus\can_usb4\picft245\USB2.9i_cdc\USB\usb_device.c
USBStatusStageEnabledFlag2   0x000172       data     extern D:\Projects\CBUS_MERG\mplab\cbus\can_usb4\picft245\USB2.9i_cdc\USB\usb_device.c
USBStatusStageTimeoutCounter   0x00016f       data     extern D:\Projects\CBUS_MERG\mplab\cbus\can_usb4\picft245\USB2.9i_cdc\USB\usb_device.c
            USB_In_Buffer   0x000080       data     extern D:\Projects\CBUS_MERG\mplab\cbus\can_usb4\picft245\picft245.c
          USB_In_Data_Rdy   0x0000a3       data     extern D:\Projects\CBUS_MERG\mplab\cbus\can_usb4\picft245\picft245.c
           USB_Out_Buffer   0x000060       data     extern D:\Projects\CBUS_MERG\mplab\cbus\can_usb4\picft245\picft245.c
         USB_Out_Data_Rdy   0x0000a4       data     extern D:\Projects\CBUS_MERG\mplab\cbus\can_usb4\picft245\picft245.c
                    USBcp   0x0000a2       data     extern D:\Projects\CBUS_MERG\mplab\cbus\can_usb4\picft245\picft245.c
                    USTAT   0x000f63       data     extern E:\3.46\pic18-lt\cxx-framework\src\traditional\proc\p18f14k50.asm
                USTATbits   0x000f63       data     extern E:\3.46\pic18-lt\cxx-framework\src\traditional\proc\p18f14k50.asm
                USTATcopy   0x000166       data     extern D:\Projects\CBUS_MERG\mplab\cbus\can_usb4\picft245\USB2.9i_cdc\USB\usb_device.c
                 VREFCON0   0x000fba       data     extern E:\3.46\pic18-lt\cxx-framework\src\traditional\proc\p18f14k50.asm
             VREFCON0bits   0x000fba       data     extern E:\3.46\pic18-lt\cxx-framework\src\traditional\proc\p18f14k50.asm
                 VREFCON1   0x000fbb       data     extern E:\3.46\pic18-lt\cxx-framework\src\traditional\proc\p18f14k50.asm
             VREFCON1bits   0x000fbb       data     extern E:\3.46\pic18-lt\cxx-framework\src\traditional\proc\p18f14k50.asm
                 VREFCON2   0x000fbc       data     extern E:\3.46\pic18-lt\cxx-framework\src\traditional\proc\p18f14k50.asm
             VREFCON2bits   0x000fbc       data     extern E:\3.46\pic18-lt\cxx-framework\src\traditional\proc\p18f14k50.asm
                        W   0x000fe8       data     extern E:\3.46\pic18-lt\cxx-framework\src\traditional\proc\p18f14k50.asm
                   WDTCON   0x000fd1       data     extern E:\3.46\pic18-lt\cxx-framework\src\traditional\proc\p18f14k50.asm
               WDTCONbits   0x000fd1       data     extern E:\3.46\pic18-lt\cxx-framework\src\traditional\proc\p18f14k50.asm
                     WPUA   0x000f77       data     extern E:\3.46\pic18-lt\cxx-framework\src\traditional\proc\p18f14k50.asm
                 WPUAbits   0x000f77       data     extern E:\3.46\pic18-lt\cxx-framework\src\traditional\proc\p18f14k50.asm
                     WPUB   0x000f78       data     extern E:\3.46\pic18-lt\cxx-framework\src\traditional\proc\p18f14k50.asm
                 WPUBbits   0x000f78       data     extern E:\3.46\pic18-lt\cxx-framework\src\traditional\proc\p18f14k50.asm
                     WREG   0x000fe8       data     extern E:\3.46\pic18-lt\cxx-framework\src\traditional\proc\p18f14k50.asm
                 __AARGB0   0x000007       data     extern E:\3.46\pic18-lt\cxx-framework\src\traditional\math\aarg.asm
                 __AARGB1   0x000006       data     extern E:\3.46\pic18-lt\cxx-framework\src\traditional\math\aarg.asm
                 __AARGB2   0x000005       data     extern E:\3.46\pic18-lt\cxx-framework\src\traditional\math\aarg.asm
                 __AARGB3   0x000004       data     extern E:\3.46\pic18-lt\cxx-framework\src\traditional\math\aarg.asm
                 __AARGB4   0x000003       data     extern E:\3.46\pic18-lt\cxx-framework\src\traditional\math\aarg.asm
                 __AARGB5   0x000002       data     extern E:\3.46\pic18-lt\cxx-framework\src\traditional\math\aarg.asm
                 __AARGB6   0x000001       data     extern E:\3.46\pic18-lt\cxx-framework\src\traditional\math\aarg.asm
                 __AARGB7   0x000000       data     extern E:\3.46\pic18-lt\cxx-framework\src\traditional\math\aarg.asm
                   __AEXP   0x000008       data     extern E:\3.46\pic18-lt\cxx-framework\src\traditional\math\aarg.asm
                __FPFLAGS   0x00000a       data     extern E:\3.46\pic18-lt\cxx-framework\src\traditional\math\cmath18.asm
            __FPFLAGSbits   0x00000a       data     extern E:\3.46\pic18-lt\cxx-framework\src\traditional\math\cmath18.asm
                  __REMB0   0x000003       data     extern E:\3.46\pic18-lt\cxx-framework\src\traditional\math\aarg.asm
                  __REMB1   0x000002       data     extern E:\3.46\pic18-lt\cxx-framework\src\traditional\math\aarg.asm
                  __REMB2   0x000001       data     extern E:\3.46\pic18-lt\cxx-framework\src\traditional\math\aarg.asm
                  __REMB3   0x000000       data     extern E:\3.46\pic18-lt\cxx-framework\src\traditional\math\aarg.asm
                  __tmp_0   0x00000b       data     static D:\Projects\CBUS_MERG\mplab\cbus\can_usb4\picft245\picft245.c
                  __tmp_0   0x00000b       data     static D:\Projects\CBUS_MERG\mplab\cbus\can_usb4\picft245\USB2.9i_cdc\USB\CDC Device Driver\usb_function_cdc.c
                  __tmp_0   0x00000b       data     static D:\Projects\CBUS_MERG\mplab\cbus\can_usb4\picft245\USB2.9i_cdc\USB\usb_device.c
                   can_in   0x0000a9       data     extern D:\Projects\CBUS_MERG\mplab\cbus\can_usb4\picft245\picft245.c
              cdc_data_rx   0x000260       data     extern D:\Projects\CBUS_MERG\mplab\cbus\can_usb4\picft245\USB2.9i_cdc\USB\CDC Device Driver\usb_function_cdc.c
              cdc_data_tx   0x000240       data     extern D:\Projects\CBUS_MERG\mplab\cbus\can_usb4\picft245\USB2.9i_cdc\USB\CDC Device Driver\usb_function_cdc.c
             cdc_mem_type   0x000187       data     extern D:\Projects\CBUS_MERG\mplab\cbus\can_usb4\picft245\USB2.9i_cdc\USB\CDC Device Driver\usb_function_cdc.c
               cdc_notice   0x000287       data     extern D:\Projects\CBUS_MERG\mplab\cbus\can_usb4\picft245\USB2.9i_cdc\USB\CDC Device Driver\usb_function_cdc.c
               cdc_rx_len   0x000180       data     extern D:\Projects\CBUS_MERG\mplab\cbus\can_usb4\picft245\USB2.9i_cdc\USB\CDC Device Driver\usb_function_cdc.c
            cdc_trf_state   0x000181       data     extern D:\Projects\CBUS_MERG\mplab\cbus\can_usb4\picft245\USB2.9i_cdc\USB\CDC Device Driver\usb_function_cdc.c
               cdc_tx_len   0x000186       data     extern D:\Projects\CBUS_MERG\mplab\cbus\can_usb4\picft245\USB2.9i_cdc\USB\CDC Device Driver\usb_function_cdc.c
     controlTransferState   0x000155       data     extern D:\Projects\CBUS_MERG\mplab\cbus\can_usb4\picft245\USB2.9i_cdc\USB\usb_device.c
    control_signal_bitmap   0x00018c       data     extern D:\Projects\CBUS_MERG\mplab\cbus\can_usb4\picft245\USB2.9i_cdc\USB\CDC Device Driver\usb_function_cdc.c
                curr_byte   0x000178       data     static E:\3.46\pic18-lt\cxx-framework\src\traditional\startup\c018i.c
               curr_entry   0x00017a       data     static E:\3.46\pic18-lt\cxx-framework\src\traditional\startup\c018i.c
                 data_ptr   0x00017c       data     static E:\3.46\pic18-lt\cxx-framework\src\traditional\startup\c018i.c
              delay_count   0x0000aa       data     static D:\Projects\CBUS_MERG\mplab\cbus\can_usb4\picft245\picft245.c
dummy_encapsulated_cmd_response   0x000191       data     extern D:\Projects\CBUS_MERG\mplab\cbus\can_usb4\picft245\USB2.9i_cdc\USB\CDC Device Driver\usb_function_cdc.c
          endpoint_number   0x000167       data     extern D:\Projects\CBUS_MERG\mplab\cbus\can_usb4\picft245\USB2.9i_cdc\USB\usb_device.c
               ep_data_in   0x000169       data     extern D:\Projects\CBUS_MERG\mplab\cbus\can_usb4\picft245\USB2.9i_cdc\USB\usb_device.c
              ep_data_out   0x00016c       data     extern D:\Projects\CBUS_MERG\mplab\cbus\can_usb4\picft245\USB2.9i_cdc\USB\usb_device.c
                  inPipes   0x000156       data     extern D:\Projects\CBUS_MERG\mplab\cbus\can_usb4\picft245\USB2.9i_cdc\USB\usb_device.c
         lastTransmission   0x0000a5       data     extern D:\Projects\CBUS_MERG\mplab\cbus\can_usb4\picft245\picft245.c
              line_coding   0x000280       data     extern D:\Projects\CBUS_MERG\mplab\cbus\can_usb4\picft245\USB2.9i_cdc\USB\CDC Device Driver\usb_function_cdc.c
                 outPipes   0x00015b       data     extern D:\Projects\CBUS_MERG\mplab\cbus\can_usb4\picft245\USB2.9i_cdc\USB\usb_device.c
   pBDTEntryEP0OutCurrent   0x000144       data     extern D:\Projects\CBUS_MERG\mplab\cbus\can_usb4\picft245\USB2.9i_cdc\USB\usb_device.c
      pBDTEntryEP0OutNext   0x000146       data     extern D:\Projects\CBUS_MERG\mplab\cbus\can_usb4\picft245\USB2.9i_cdc\USB\usb_device.c
              pBDTEntryIn   0x00014e       data     extern D:\Projects\CBUS_MERG\mplab\cbus\can_usb4\picft245\USB2.9i_cdc\USB\usb_device.c
             pBDTEntryOut   0x000148       data     extern D:\Projects\CBUS_MERG\mplab\cbus\can_usb4\picft245\USB2.9i_cdc\USB\usb_device.c
                  pCDCDst   0x000184       data     extern D:\Projects\CBUS_MERG\mplab\cbus\can_usb4\picft245\USB2.9i_cdc\USB\CDC Device Driver\usb_function_cdc.c
                  pCDCSrc   0x000182       data     extern D:\Projects\CBUS_MERG\mplab\cbus\can_usb4\picft245\USB2.9i_cdc\USB\CDC Device Driver\usb_function_cdc.c
                     pDst   0x000162       data     extern D:\Projects\CBUS_MERG\mplab\cbus\can_usb4\picft245\USB2.9i_cdc\USB\usb_device.c
                     prom   0x000175       data     static E:\3.46\pic18-lt\cxx-framework\src\traditional\startup\c018i.c
        shortPacketStatus   0x000154       data     extern D:\Projects\CBUS_MERG\mplab\cbus\can_usb4\picft245\USB2.9i_cdc\USB\usb_device.c
                   usb_in   0x0000a7       data     extern D:\Projects\CBUS_MERG\mplab\cbus\can_usb4\picft245\picft245.c
             usb_in_state   0x0000a8       data     extern D:\Projects\CBUS_MERG\mplab\cbus\can_usb4\picft245\picft245.c



                              Symbols - Sorted by Address
                     Name    Address   Location    Storage File                     
                ---------  ---------  ---------  --------- ---------                
                   _entry   0x000000    program     extern E:\3.46\pic18-lt\cxx-framework\src\traditional\startup\c018i.c
       ___return_lbl00000   0x000004    program     static                          
            HIGH_INT_VECT   0x000008    program     extern D:\Projects\CBUS_MERG\mplab\cbus\can_usb4\picft245\picft245.c
       ___return_lbl00002   0x00000c    program     static                          
             LOW_INT_VECT   0x000018    program     extern D:\Projects\CBUS_MERG\mplab\cbus\can_usb4\picft245\picft245.c
       ___return_lbl00003   0x00001c    program     static                          
            USBDeviceInit   0x00002a    program     extern D:\Projects\CBUS_MERG\mplab\cbus\can_usb4\picft245\USB2.9i_cdc\USB\usb_device.c
           USBDeviceTasks   0x00014a    program     extern D:\Projects\CBUS_MERG\mplab\cbus\can_usb4\picft245\USB2.9i_cdc\USB\usb_device.c
        USBEnableEndpoint   0x0002ae    program     extern D:\Projects\CBUS_MERG\mplab\cbus\can_usb4\picft245\USB2.9i_cdc\USB\usb_device.c
     USBTransferOnePacket   0x00031c    program     extern D:\Projects\CBUS_MERG\mplab\cbus\can_usb4\picft245\USB2.9i_cdc\USB\usb_device.c
         USBStallEndpoint   0x000422    program     extern D:\Projects\CBUS_MERG\mplab\cbus\can_usb4\picft245\USB2.9i_cdc\USB\usb_device.c
              USBCancelIO   0x000502    program     extern D:\Projects\CBUS_MERG\mplab\cbus\can_usb4\picft245\USB2.9i_cdc\USB\usb_device.c
          USBDeviceDetach   0x0005b2    program     extern D:\Projects\CBUS_MERG\mplab\cbus\can_usb4\picft245\USB2.9i_cdc\USB\usb_device.c
          USBDeviceAttach   0x0005be    program     extern D:\Projects\CBUS_MERG\mplab\cbus\can_usb4\picft245\USB2.9i_cdc\USB\usb_device.c
USBCtrlEPAllowStatusStage   0x0005ee    program     extern D:\Projects\CBUS_MERG\mplab\cbus\can_usb4\picft245\USB2.9i_cdc\USB\usb_device.c
  USBCtrlEPAllowDataStage   0x000690    program     extern D:\Projects\CBUS_MERG\mplab\cbus\can_usb4\picft245\USB2.9i_cdc\USB\usb_device.c
     USBConfigureEndpoint   0x000710    program     static D:\Projects\CBUS_MERG\mplab\cbus\can_usb4\picft245\USB2.9i_cdc\USB\usb_device.c
 USBCtrlEPServiceComplete   0x0007ca    program     static D:\Projects\CBUS_MERG\mplab\cbus\can_usb4\picft245\USB2.9i_cdc\USB\usb_device.c
      USBCtrlTrfTxService   0x00088c    program     static D:\Projects\CBUS_MERG\mplab\cbus\can_usb4\picft245\USB2.9i_cdc\USB\usb_device.c
      USBCtrlTrfRxService   0x000950    program     static D:\Projects\CBUS_MERG\mplab\cbus\can_usb4\picft245\USB2.9i_cdc\USB\usb_device.c
      USBStdSetCfgHandler   0x000a90    program     static D:\Projects\CBUS_MERG\mplab\cbus\can_usb4\picft245\USB2.9i_cdc\USB\usb_device.c
      USBStdGetDscHandler   0x000b76    program     static D:\Projects\CBUS_MERG\mplab\cbus\can_usb4\picft245\USB2.9i_cdc\USB\usb_device.c
   USBStdGetStatusHandler   0x000c36    program     static D:\Projects\CBUS_MERG\mplab\cbus\can_usb4\picft245\USB2.9i_cdc\USB\usb_device.c
          USBStallHandler   0x000d06    program     static D:\Projects\CBUS_MERG\mplab\cbus\can_usb4\picft245\USB2.9i_cdc\USB\usb_device.c
               USBSuspend   0x000d3a    program     static D:\Projects\CBUS_MERG\mplab\cbus\can_usb4\picft245\USB2.9i_cdc\USB\usb_device.c
       USBWakeFromSuspend   0x000d64    program     static D:\Projects\CBUS_MERG\mplab\cbus\can_usb4\picft245\USB2.9i_cdc\USB\usb_device.c
         USBCtrlEPService   0x000d92    program     static D:\Projects\CBUS_MERG\mplab\cbus\can_usb4\picft245\USB2.9i_cdc\USB\usb_device.c
   USBCtrlTrfSetupHandler   0x000e5e    program     static D:\Projects\CBUS_MERG\mplab\cbus\can_usb4\picft245\USB2.9i_cdc\USB\usb_device.c
     USBCtrlTrfOutHandler   0x000ebc    program     static D:\Projects\CBUS_MERG\mplab\cbus\can_usb4\picft245\USB2.9i_cdc\USB\usb_device.c
      USBCtrlTrfInHandler   0x000f06    program     static D:\Projects\CBUS_MERG\mplab\cbus\can_usb4\picft245\USB2.9i_cdc\USB\usb_device.c
       USBCheckStdRequest   0x000fc0    program     static D:\Projects\CBUS_MERG\mplab\cbus\can_usb4\picft245\USB2.9i_cdc\USB\usb_device.c
  USBStdFeatureReqHandler   0x001088    program     static D:\Projects\CBUS_MERG\mplab\cbus\can_usb4\picft245\USB2.9i_cdc\USB\usb_device.c
       USBCheckCDCRequest   0x001316    program     extern D:\Projects\CBUS_MERG\mplab\cbus\can_usb4\picft245\USB2.9i_cdc\USB\CDC Device Driver\usb_function_cdc.c
                CDCInitEP   0x0013b8    program     extern D:\Projects\CBUS_MERG\mplab\cbus\can_usb4\picft245\USB2.9i_cdc\USB\CDC Device Driver\usb_function_cdc.c
       USBCDCEventHandler   0x001420    program     extern D:\Projects\CBUS_MERG\mplab\cbus\can_usb4\picft245\USB2.9i_cdc\USB\CDC Device Driver\usb_function_cdc.c
             getsUSBUSART   0x0014ac    program     extern D:\Projects\CBUS_MERG\mplab\cbus\can_usb4\picft245\USB2.9i_cdc\USB\CDC Device Driver\usb_function_cdc.c
              putUSBUSART   0x00156e    program     extern D:\Projects\CBUS_MERG\mplab\cbus\can_usb4\picft245\USB2.9i_cdc\USB\CDC Device Driver\usb_function_cdc.c
             putsUSBUSART   0x0015a0    program     extern D:\Projects\CBUS_MERG\mplab\cbus\can_usb4\picft245\USB2.9i_cdc\USB\CDC Device Driver\usb_function_cdc.c
            putrsUSBUSART   0x00162a    program     extern D:\Projects\CBUS_MERG\mplab\cbus\can_usb4\picft245\USB2.9i_cdc\USB\CDC Device Driver\usb_function_cdc.c
             CDCTxService   0x0016b6    program     extern D:\Projects\CBUS_MERG\mplab\cbus\can_usb4\picft245\USB2.9i_cdc\USB\CDC Device Driver\usb_function_cdc.c
                 isr_high   0x00180a    program     extern D:\Projects\CBUS_MERG\mplab\cbus\can_usb4\picft245\picft245.c
                  isr_low   0x0018a0    program     extern D:\Projects\CBUS_MERG\mplab\cbus\can_usb4\picft245\picft245.c
       ___return_lbl00001   0x0018b8    program     static                          
                     main   0x0018ca    program     extern D:\Projects\CBUS_MERG\mplab\cbus\can_usb4\picft245\picft245.c
        ___while_lbl00006   0x0018d6    program     static                          
           ___if_lbl00005   0x0018d6    program     static                          
       ___case_0_lbl00010   0x0018ee    program     static                          
           ___if_lbl00009   0x001902    program     static                          
       ___case_1_lbl00011   0x001904    program     static                          
       ___case_2_lbl00016   0x00190c    program     static                          
               __tmplbl_1   0x001912    program     static                          
               __tmplbl_0   0x001918    program     static                          
         ___else_lbl00015   0x00192e    program     static                          
           ___if_lbl00013   0x001938    program     static                          
           ___if_lbl00014   0x001938    program     static                          
       ___case_3_lbl00018   0x00193a    program     static                          
           ___if_lbl00017   0x001944    program     static                          
   ___switchexit_lbl00008   0x001946    program     static                          
               __tmplbl_3   0x00194c    program     static                          
               __tmplbl_2   0x001952    program     static                          
               __tmplbl_5   0x001958    program     static                          
               __tmplbl_4   0x001960    program     static                          
        ___while_lbl00021   0x001962    program     static                          
        ___while_lbl00022   0x001966    program     static                          
           ___if_lbl00023   0x001988    program     static                          
         ___else_lbl00026   0x0019a0    program     static                          
           ___if_lbl00027   0x0019ae    program     static                          
           ___if_lbl00025   0x0019ae    program     static                          
           ___if_lbl00024   0x0019ae    program     static                          
       ___return_lbl00004   0x0019b0    program     static                          
        ___while_lbl00007   0x0019b0    program     static                          
         InitializeSystem   0x0019b2    program     static D:\Projects\CBUS_MERG\mplab\cbus\can_usb4\picft245\picft245.c
                ProcessIO   0x001a1c    program     extern D:\Projects\CBUS_MERG\mplab\cbus\can_usb4\picft245\picft245.c
             usbIsDataRdy   0x001a94    program     extern D:\Projects\CBUS_MERG\mplab\cbus\can_usb4\picft245\picft245.c
               usbGetChar   0x001aa6    program     extern D:\Projects\CBUS_MERG\mplab\cbus\can_usb4\picft245\picft245.c
             USBCBSuspend   0x001ae0    program     extern D:\Projects\CBUS_MERG\mplab\cbus\can_usb4\picft245\picft245.c
     USBCBWakeFromSuspend   0x001ae2    program     extern D:\Projects\CBUS_MERG\mplab\cbus\can_usb4\picft245\picft245.c
        USBCB_SOF_Handler   0x001ae4    program     extern D:\Projects\CBUS_MERG\mplab\cbus\can_usb4\picft245\picft245.c
        USBCBErrorHandler   0x001ae6    program     extern D:\Projects\CBUS_MERG\mplab\cbus\can_usb4\picft245\picft245.c
       USBCBCheckOtherReq   0x001ae8    program     extern D:\Projects\CBUS_MERG\mplab\cbus\can_usb4\picft245\picft245.c
    USBCBStdSetDscHandler   0x001aec    program     extern D:\Projects\CBUS_MERG\mplab\cbus\can_usb4\picft245\picft245.c
              USBCBInitEP   0x001aee    program     extern D:\Projects\CBUS_MERG\mplab\cbus\can_usb4\picft245\picft245.c
          USBCBSendResume   0x001af2    program     extern D:\Projects\CBUS_MERG\mplab\cbus\can_usb4\picft245\picft245.c
USER_USB_CALLBACK_EVENT_HANDLER   0x001b3a    program     extern D:\Projects\CBUS_MERG\mplab\cbus\can_usb4\picft245\picft245.c
                _do_cinit   0x001bd8    program     extern E:\3.46\pic18-lt\cxx-framework\src\traditional\startup\c018i.c
                     test   0x001bf2    program     static                          
                copy_loop   0x001c4a    program     static                          
            copy_one_byte   0x001c50    program     static                          
             done_copying   0x001c5e    program     static                          
                     done   0x001c74    program     static                          
       ___return_lbl00002   0x001c74    program     static                          
               device_dsc   0x001c76    program     extern D:\Projects\CBUS_MERG\mplab\cbus\can_usb4\picft245\usb_descriptors.c
        configDescriptor1   0x001c88    program     extern D:\Projects\CBUS_MERG\mplab\cbus\can_usb4\picft245\usb_descriptors.c
                    sd000   0x001ccb    program     extern D:\Projects\CBUS_MERG\mplab\cbus\can_usb4\picft245\usb_descriptors.c
                    sd001   0x001ccf    program     extern D:\Projects\CBUS_MERG\mplab\cbus\can_usb4\picft245\usb_descriptors.c
                    sd002   0x001ce3    program     extern D:\Projects\CBUS_MERG\mplab\cbus\can_usb4\picft245\usb_descriptors.c
               USB_CD_Ptr   0x001cf5    program     extern D:\Projects\CBUS_MERG\mplab\cbus\can_usb4\picft245\usb_descriptors.c
               USB_SD_Ptr   0x001cf7    program     extern D:\Projects\CBUS_MERG\mplab\cbus\can_usb4\picft245\usb_descriptors.c
                   memset   0x001cfe    program     extern E:\3.46\pic18-lt\cxx-framework\src\traditional\stdclib\memset.asm
                    jLoop   0x001d12    program     static E:\3.46\pic18-lt\cxx-framework\src\traditional\stdclib\memset.asm
              _2jContinue   0x001d1e    program     static E:\3.46\pic18-lt\cxx-framework\src\traditional\stdclib\memset.asm
                   _3jEnd   0x001d28    program     static E:\3.46\pic18-lt\cxx-framework\src\traditional\stdclib\memset.asm
                     jEnd   0x001d30    program     static E:\3.46\pic18-lt\cxx-framework\src\traditional\stdclib\memset.asm
            __zero_memory   0x001d32    program     extern E:\3.46\pic18-lt\cxx-framework\src\traditional\proc\p18f14k50.asm
               zero_block   0x001d40    program     static E:\3.46\pic18-lt\cxx-framework\src\traditional\proc\p18f14k50.asm
                   loop_h   0x001d40    program     static E:\3.46\pic18-lt\cxx-framework\src\traditional\proc\p18f14k50.asm
                compare_l   0x001d48    program     static E:\3.46\pic18-lt\cxx-framework\src\traditional\proc\p18f14k50.asm
                   loop_l   0x001d4a    program     static E:\3.46\pic18-lt\cxx-framework\src\traditional\proc\p18f14k50.asm
                 _startup   0x001d52    program     extern E:\3.46\pic18-lt\cxx-framework\src\traditional\startup\c018i.c
                     loop   0x001d62    program     static                          
       ___return_lbl00001   0x001d6c    program     static                          
                   __init   0x001d6e    program     extern E:\3.46\pic18-lt\cxx-framework\src\traditional\stdclib\__init.c
               __config_0   0x300000    program     static D:\Projects\CBUS_MERG\mplab\cbus\can_usb4\picft245\picft245.c
               __config_1   0x300001    program     static D:\Projects\CBUS_MERG\mplab\cbus\can_usb4\picft245\picft245.c
               __config_2   0x300002    program     static D:\Projects\CBUS_MERG\mplab\cbus\can_usb4\picft245\picft245.c
               __config_3   0x300003    program     static D:\Projects\CBUS_MERG\mplab\cbus\can_usb4\picft245\picft245.c
               __config_4   0x300005    program     static D:\Projects\CBUS_MERG\mplab\cbus\can_usb4\picft245\picft245.c
               __config_5   0x300006    program     static D:\Projects\CBUS_MERG\mplab\cbus\can_usb4\picft245\picft245.c
               __config_6   0x300008    program     static D:\Projects\CBUS_MERG\mplab\cbus\can_usb4\picft245\picft245.c
               __config_7   0x300009    program     static D:\Projects\CBUS_MERG\mplab\cbus\can_usb4\picft245\picft245.c
               __config_8   0x30000a    program     static D:\Projects\CBUS_MERG\mplab\cbus\can_usb4\picft245\picft245.c
               __config_9   0x30000b    program     static D:\Projects\CBUS_MERG\mplab\cbus\can_usb4\picft245\picft245.c
              __config_10   0x30000c    program     static D:\Projects\CBUS_MERG\mplab\cbus\can_usb4\picft245\picft245.c
              __config_11   0x30000d    program     static D:\Projects\CBUS_MERG\mplab\cbus\can_usb4\picft245\picft245.c
                 __AARGB7   0x000000       data     extern E:\3.46\pic18-lt\cxx-framework\src\traditional\math\aarg.asm
                  __REMB3   0x000000       data     extern E:\3.46\pic18-lt\cxx-framework\src\traditional\math\aarg.asm
                 __AARGB6   0x000001       data     extern E:\3.46\pic18-lt\cxx-framework\src\traditional\math\aarg.asm
                  __REMB2   0x000001       data     extern E:\3.46\pic18-lt\cxx-framework\src\traditional\math\aarg.asm
                  __REMB1   0x000002       data     extern E:\3.46\pic18-lt\cxx-framework\src\traditional\math\aarg.asm
                 __AARGB5   0x000002       data     extern E:\3.46\pic18-lt\cxx-framework\src\traditional\math\aarg.asm
                  __REMB0   0x000003       data     extern E:\3.46\pic18-lt\cxx-framework\src\traditional\math\aarg.asm
                 __AARGB4   0x000003       data     extern E:\3.46\pic18-lt\cxx-framework\src\traditional\math\aarg.asm
                 __AARGB3   0x000004       data     extern E:\3.46\pic18-lt\cxx-framework\src\traditional\math\aarg.asm
                 __AARGB2   0x000005       data     extern E:\3.46\pic18-lt\cxx-framework\src\traditional\math\aarg.asm
                 __AARGB1   0x000006       data     extern E:\3.46\pic18-lt\cxx-framework\src\traditional\math\aarg.asm
                 __AARGB0   0x000007       data     extern E:\3.46\pic18-lt\cxx-framework\src\traditional\math\aarg.asm
                   __AEXP   0x000008       data     extern E:\3.46\pic18-lt\cxx-framework\src\traditional\math\aarg.asm
                     SIGN   0x000009       data     extern E:\3.46\pic18-lt\cxx-framework\src\traditional\math\cmath18.asm
                __FPFLAGS   0x00000a       data     extern E:\3.46\pic18-lt\cxx-framework\src\traditional\math\cmath18.asm
            __FPFLAGSbits   0x00000a       data     extern E:\3.46\pic18-lt\cxx-framework\src\traditional\math\cmath18.asm
                  __tmp_0   0x00000b       data     static D:\Projects\CBUS_MERG\mplab\cbus\can_usb4\picft245\picft245.c
                  __tmp_0   0x00000b       data     static D:\Projects\CBUS_MERG\mplab\cbus\can_usb4\picft245\USB2.9i_cdc\USB\CDC Device Driver\usb_function_cdc.c
                  __tmp_0   0x00000b       data     static D:\Projects\CBUS_MERG\mplab\cbus\can_usb4\picft245\USB2.9i_cdc\USB\usb_device.c
           USB_Out_Buffer   0x000060       data     extern D:\Projects\CBUS_MERG\mplab\cbus\can_usb4\picft245\picft245.c
            USB_In_Buffer   0x000080       data     extern D:\Projects\CBUS_MERG\mplab\cbus\can_usb4\picft245\picft245.c
               NextUSBOut   0x0000a0       data     extern D:\Projects\CBUS_MERG\mplab\cbus\can_usb4\picft245\picft245.c
                LastUSBIn   0x0000a1       data     extern D:\Projects\CBUS_MERG\mplab\cbus\can_usb4\picft245\picft245.c
                    USBcp   0x0000a2       data     extern D:\Projects\CBUS_MERG\mplab\cbus\can_usb4\picft245\picft245.c
          USB_In_Data_Rdy   0x0000a3       data     extern D:\Projects\CBUS_MERG\mplab\cbus\can_usb4\picft245\picft245.c
         USB_Out_Data_Rdy   0x0000a4       data     extern D:\Projects\CBUS_MERG\mplab\cbus\can_usb4\picft245\picft245.c
         lastTransmission   0x0000a5       data     extern D:\Projects\CBUS_MERG\mplab\cbus\can_usb4\picft245\picft245.c
                   usb_in   0x0000a7       data     extern D:\Projects\CBUS_MERG\mplab\cbus\can_usb4\picft245\picft245.c
             usb_in_state   0x0000a8       data     extern D:\Projects\CBUS_MERG\mplab\cbus\can_usb4\picft245\picft245.c
                   can_in   0x0000a9       data     extern D:\Projects\CBUS_MERG\mplab\cbus\can_usb4\picft245\picft245.c
              delay_count   0x0000aa       data     static D:\Projects\CBUS_MERG\mplab\cbus\can_usb4\picft245\picft245.c
           USBDeviceState   0x000140       data     extern D:\Projects\CBUS_MERG\mplab\cbus\can_usb4\picft245\USB2.9i_cdc\USB\usb_device.c
   USBActiveConfiguration   0x000141       data     extern D:\Projects\CBUS_MERG\mplab\cbus\can_usb4\picft245\USB2.9i_cdc\USB\usb_device.c
    USBAlternateInterface   0x000142       data     extern D:\Projects\CBUS_MERG\mplab\cbus\can_usb4\picft245\USB2.9i_cdc\USB\usb_device.c
   pBDTEntryEP0OutCurrent   0x000144       data     extern D:\Projects\CBUS_MERG\mplab\cbus\can_usb4\picft245\USB2.9i_cdc\USB\usb_device.c
      pBDTEntryEP0OutNext   0x000146       data     extern D:\Projects\CBUS_MERG\mplab\cbus\can_usb4\picft245\USB2.9i_cdc\USB\usb_device.c
             pBDTEntryOut   0x000148       data     extern D:\Projects\CBUS_MERG\mplab\cbus\can_usb4\picft245\USB2.9i_cdc\USB\usb_device.c
              pBDTEntryIn   0x00014e       data     extern D:\Projects\CBUS_MERG\mplab\cbus\can_usb4\picft245\USB2.9i_cdc\USB\usb_device.c
[...]
                     DDRA   0x000f92       data     extern E:\3.46\pic18-lt\cxx-framework\src\traditional\proc\p18f14k50.asm
                TRISBbits   0x000f93       data     extern E:\3.46\pic18-lt\cxx-framework\src\traditional\proc\p18f14k50.asm
                    TRISB   0x000f93       data     extern E:\3.46\pic18-lt\cxx-framework\src\traditional\proc\p18f14k50.asm
                     DDRB   0x000f93       data     extern E:\3.46\pic18-lt\cxx-framework\src\traditional\proc\p18f14k50.asm
                 DDRBbits   0x000f93       data     extern E:\3.46\pic18-lt\cxx-framework\src\traditional\proc\p18f14k50.asm
                    TRISC   0x000f94       data     extern E:\3.46\pic18-lt\cxx-framework\src\traditional\proc\p18f14k50.asm
                 DDRCbits   0x000f94       data     extern E:\3.46\pic18-lt\cxx-framework\src\traditional\proc\p18f14k50.asm
                     DDRC   0x000f94       data     extern E:\3.46\pic18-lt\cxx-framework\src\traditional\proc\p18f14k50.asm
                TRISCbits   0x000f94       data     extern E:\3.46\pic18-lt\cxx-framework\src\traditional\proc\p18f14k50.asm
              OSCTUNEbits   0x000f9b       data     extern E:\3.46\pic18-lt\cxx-framework\src\traditional\proc\p18f14k50.asm
                  OSCTUNE   0x000f9b       data     extern E:\3.46\pic18-lt\cxx-framework\src\traditional\proc\p18f14k50.asm
                 PIE1bits   0x000f9d       data     extern E:\3.46\pic18-lt\cxx-framework\src\traditional\proc\p18f14k50.asm
                     PIE1   0x000f9d       data     extern E:\3.46\pic18-lt\cxx-framework\src\traditional\proc\p18f14k50.asm
                 PIR1bits   0x000f9e       data     extern E:\3.46\pic18-lt\cxx-framework\src\traditional\proc\p18f14k50.asm
                     PIR1   0x000f9e       data     extern E:\3.46\pic18-lt\cxx-framework\src\traditional\proc\p18f14k50.asm
                 IPR1bits   0x000f9f       data     extern E:\3.46\pic18-lt\cxx-framework\src\traditional\proc\p18f14k50.asm
                     IPR1   0x000f9f       data     extern E:\3.46\pic18-lt\cxx-framework\src\traditional\proc\p18f14k50.asm
                 PIE2bits   0x000fa0       data     extern E:\3.46\pic18-lt\cxx-framework\src\traditional\proc\p18f14k50.asm
                     PIE2   0x000fa0       data     extern E:\3.46\pic18-lt\cxx-framework\src\traditional\proc\p18f14k50.asm
                 PIR2bits   0x000fa1       data     extern E:\3.46\pic18-lt\cxx-framework\src\traditional\proc\p18f14k50.asm
                     PIR2   0x000fa1       data     extern E:\3.46\pic18-lt\cxx-framework\src\traditional\proc\p18f14k50.asm
                     IPR2   0x000fa2       data     extern E:\3.46\pic18-lt\cxx-framework\src\traditional\proc\p18f14k50.asm
                 IPR2bits   0x000fa2       data     extern E:\3.46\pic18-lt\cxx-framework\src\traditional\proc\p18f14k50.asm
               EECON1bits   0x000fa6       data     extern E:\3.46\pic18-lt\cxx-framework\src\traditional\proc\p18f14k50.asm
                   EECON1   0x000fa6       data     extern E:\3.46\pic18-lt\cxx-framework\src\traditional\proc\p18f14k50.asm
                   EECON2   0x000fa7       data     extern E:\3.46\pic18-lt\cxx-framework\src\traditional\proc\p18f14k50.asm
                   EEDATA   0x000fa8       data     extern E:\3.46\pic18-lt\cxx-framework\src\traditional\proc\p18f14k50.asm
                    EEADR   0x000fa9       data     extern E:\3.46\pic18-lt\cxx-framework\src\traditional\proc\p18f14k50.asm
                EEADRbits   0x000fa9       data     extern E:\3.46\pic18-lt\cxx-framework\src\traditional\proc\p18f14k50.asm
                    RCSTA   0x000fab       data     extern E:\3.46\pic18-lt\cxx-framework\src\traditional\proc\p18f14k50.asm
                RCSTAbits   0x000fab       data     extern E:\3.46\pic18-lt\cxx-framework\src\traditional\proc\p18f14k50.asm
                    TXSTA   0x000fac       data     extern E:\3.46\pic18-lt\cxx-framework\src\traditional\proc\p18f14k50.asm
                TXSTAbits   0x000fac       data     extern E:\3.46\pic18-lt\cxx-framework\src\traditional\proc\p18f14k50.asm
                    TXREG   0x000fad       data     extern E:\3.46\pic18-lt\cxx-framework\src\traditional\proc\p18f14k50.asm
                    RCREG   0x000fae       data     extern E:\3.46\pic18-lt\cxx-framework\src\traditional\proc\p18f14k50.asm
                    SPBRG   0x000faf       data     extern E:\3.46\pic18-lt\cxx-framework\src\traditional\proc\p18f14k50.asm
                   SPBRGH   0x000fb0       data     extern E:\3.46\pic18-lt\cxx-framework\src\traditional\proc\p18f14k50.asm
                T3CONbits   0x000fb1       data     extern E:\3.46\pic18-lt\cxx-framework\src\traditional\proc\p18f14k50.asm
                    T3CON   0x000fb1       data     extern E:\3.46\pic18-lt\cxx-framework\src\traditional\proc\p18f14k50.asm
                    TMR3L   0x000fb2       data     extern E:\3.46\pic18-lt\cxx-framework\src\traditional\proc\p18f14k50.asm
                    TMR3H   0x000fb3       data     extern E:\3.46\pic18-lt\cxx-framework\src\traditional\proc\p18f14k50.asm
                  ECCP1AS   0x000fb6       data     extern E:\3.46\pic18-lt\cxx-framework\src\traditional\proc\p18f14k50.asm
              ECCP1ASbits   0x000fb6       data     extern E:\3.46\pic18-lt\cxx-framework\src\traditional\proc\p18f14k50.asm
                  PWM1CON   0x000fb7       data     extern E:\3.46\pic18-lt\cxx-framework\src\traditional\proc\p18f14k50.asm
              PWM1CONbits   0x000fb7       data     extern E:\3.46\pic18-lt\cxx-framework\src\traditional\proc\p18f14k50.asm
                  BAUDCON   0x000fb8       data     extern E:\3.46\pic18-lt\cxx-framework\src\traditional\proc\p18f14k50.asm
              BAUDCONbits   0x000fb8       data     extern E:\3.46\pic18-lt\cxx-framework\src\traditional\proc\p18f14k50.asm
                  BAUDCTL   0x000fb8       data     extern E:\3.46\pic18-lt\cxx-framework\src\traditional\proc\p18f14k50.asm
              BAUDCTLbits   0x000fb8       data     extern E:\3.46\pic18-lt\cxx-framework\src\traditional\proc\p18f14k50.asm
                  PSTRCON   0x000fb9       data     extern E:\3.46\pic18-lt\cxx-framework\src\traditional\proc\p18f14k50.asm
              PSTRCONbits   0x000fb9       data     extern E:\3.46\pic18-lt\cxx-framework\src\traditional\proc\p18f14k50.asm
             VREFCON0bits   0x000fba       data     extern E:\3.46\pic18-lt\cxx-framework\src\traditional\proc\p18f14k50.asm
                 VREFCON0   0x000fba       data     extern E:\3.46\pic18-lt\cxx-framework\src\traditional\proc\p18f14k50.asm
                  REFCON0   0x000fba       data     extern E:\3.46\pic18-lt\cxx-framework\src\traditional\proc\p18f14k50.asm
              REFCON0bits   0x000fba       data     extern E:\3.46\pic18-lt\cxx-framework\src\traditional\proc\p18f14k50.asm
             VREFCON1bits   0x000fbb       data     extern E:\3.46\pic18-lt\cxx-framework\src\traditional\proc\p18f14k50.asm
                 VREFCON1   0x000fbb       data     extern E:\3.46\pic18-lt\cxx-framework\src\traditional\proc\p18f14k50.asm
                  REFCON1   0x000fbb       data     extern E:\3.46\pic18-lt\cxx-framework\src\traditional\proc\p18f14k50.asm
              REFCON1bits   0x000fbb       data     extern E:\3.46\pic18-lt\cxx-framework\src\traditional\proc\p18f14k50.asm
              REFCON2bits   0x000fbc       data     extern E:\3.46\pic18-lt\cxx-framework\src\traditional\proc\p18f14k50.asm
                  REFCON2   0x000fbc       data     extern E:\3.46\pic18-lt\cxx-framework\src\traditional\proc\p18f14k50.asm
             VREFCON2bits   0x000fbc       data     extern E:\3.46\pic18-lt\cxx-framework\src\traditional\proc\p18f14k50.asm
                 VREFCON2   0x000fbc       data     extern E:\3.46\pic18-lt\cxx-framework\src\traditional\proc\p18f14k50.asm
                  CCP1CON   0x000fbd       data     extern E:\3.46\pic18-lt\cxx-framework\src\traditional\proc\p18f14k50.asm
              CCP1CONbits   0x000fbd       data     extern E:\3.46\pic18-lt\cxx-framework\src\traditional\proc\p18f14k50.asm
                    CCPR1   0x000fbe       data     extern E:\3.46\pic18-lt\cxx-framework\src\traditional\proc\p18f14k50.asm
                   CCPR1L   0x000fbe       data     extern E:\3.46\pic18-lt\cxx-framework\src\traditional\proc\p18f14k50.asm
                   CCPR1H   0x000fbf       data     extern E:\3.46\pic18-lt\cxx-framework\src\traditional\proc\p18f14k50.asm
               ADCON2bits   0x000fc0       data     extern E:\3.46\pic18-lt\cxx-framework\src\traditional\proc\p18f14k50.asm
                   ADCON2   0x000fc0       data     extern E:\3.46\pic18-lt\cxx-framework\src\traditional\proc\p18f14k50.asm
               ADCON1bits   0x000fc1       data     extern E:\3.46\pic18-lt\cxx-framework\src\traditional\proc\p18f14k50.asm
                   ADCON1   0x000fc1       data     extern E:\3.46\pic18-lt\cxx-framework\src\traditional\proc\p18f14k50.asm
                   ADCON0   0x000fc2       data     extern E:\3.46\pic18-lt\cxx-framework\src\traditional\proc\p18f14k50.asm
               ADCON0bits   0x000fc2       data     extern E:\3.46\pic18-lt\cxx-framework\src\traditional\proc\p18f14k50.asm
                    ADRES   0x000fc3       data     extern E:\3.46\pic18-lt\cxx-framework\src\traditional\proc\p18f14k50.asm
                   ADRESL   0x000fc3       data     extern E:\3.46\pic18-lt\cxx-framework\src\traditional\proc\p18f14k50.asm
                   ADRESH   0x000fc4       data     extern E:\3.46\pic18-lt\cxx-framework\src\traditional\proc\p18f14k50.asm
              SSPCON2bits   0x000fc5       data     extern E:\3.46\pic18-lt\cxx-framework\src\traditional\proc\p18f14k50.asm
                  SSPCON2   0x000fc5       data     extern E:\3.46\pic18-lt\cxx-framework\src\traditional\proc\p18f14k50.asm
              SSPCON1bits   0x000fc6       data     extern E:\3.46\pic18-lt\cxx-framework\src\traditional\proc\p18f14k50.asm
                  SSPCON1   0x000fc6       data     extern E:\3.46\pic18-lt\cxx-framework\src\traditional\proc\p18f14k50.asm
              SSPSTATbits   0x000fc7       data     extern E:\3.46\pic18-lt\cxx-framework\src\traditional\proc\p18f14k50.asm
                  SSPSTAT   0x000fc7       data     extern E:\3.46\pic18-lt\cxx-framework\src\traditional\proc\p18f14k50.asm
                   SSPADD   0x000fc8       data     extern E:\3.46\pic18-lt\cxx-framework\src\traditional\proc\p18f14k50.asm
                   SSPBUF   0x000fc9       data     extern E:\3.46\pic18-lt\cxx-framework\src\traditional\proc\p18f14k50.asm
                T2CONbits   0x000fca       data     extern E:\3.46\pic18-lt\cxx-framework\src\traditional\proc\p18f14k50.asm
                    T2CON   0x000fca       data     extern E:\3.46\pic18-lt\cxx-framework\src\traditional\proc\p18f14k50.asm
                      PR2   0x000fcb       data     extern E:\3.46\pic18-lt\cxx-framework\src\traditional\proc\p18f14k50.asm
                     TMR2   0x000fcc       data     extern E:\3.46\pic18-lt\cxx-framework\src\traditional\proc\p18f14k50.asm
                T1CONbits   0x000fcd       data     extern E:\3.46\pic18-lt\cxx-framework\src\traditional\proc\p18f14k50.asm
                    T1CON   0x000fcd       data     extern E:\3.46\pic18-lt\cxx-framework\src\traditional\proc\p18f14k50.asm
                    TMR1L   0x000fce       data     extern E:\3.46\pic18-lt\cxx-framework\src\traditional\proc\p18f14k50.asm
                    TMR1H   0x000fcf       data     extern E:\3.46\pic18-lt\cxx-framework\src\traditional\proc\p18f14k50.asm
                 RCONbits   0x000fd0       data     extern E:\3.46\pic18-lt\cxx-framework\src\traditional\proc\p18f14k50.asm
                     RCON   0x000fd0       data     extern E:\3.46\pic18-lt\cxx-framework\src\traditional\proc\p18f14k50.asm
               WDTCONbits   0x000fd1       data     extern E:\3.46\pic18-lt\cxx-framework\src\traditional\proc\p18f14k50.asm
                   WDTCON   0x000fd1       data     extern E:\3.46\pic18-lt\cxx-framework\src\traditional\proc\p18f14k50.asm
              OSCCON2bits   0x000fd2       data     extern E:\3.46\pic18-lt\cxx-framework\src\traditional\proc\p18f14k50.asm
                  OSCCON2   0x000fd2       data     extern E:\3.46\pic18-lt\cxx-framework\src\traditional\proc\p18f14k50.asm
               OSCCONbits   0x000fd3       data     extern E:\3.46\pic18-lt\cxx-framework\src\traditional\proc\p18f14k50.asm
                   OSCCON   0x000fd3       data     extern E:\3.46\pic18-lt\cxx-framework\src\traditional\proc\p18f14k50.asm
                    T0CON   0x000fd5       data     extern E:\3.46\pic18-lt\cxx-framework\src\traditional\proc\p18f14k50.asm
                T0CONbits   0x000fd5       data     extern E:\3.46\pic18-lt\cxx-framework\src\traditional\proc\p18f14k50.asm
                    TMR0L   0x000fd6       data     extern E:\3.46\pic18-lt\cxx-framework\src\traditional\proc\p18f14k50.asm
                    TMR0H   0x000fd7       data     extern E:\3.46\pic18-lt\cxx-framework\src\traditional\proc\p18f14k50.asm
                   STATUS   0x000fd8       data     extern E:\3.46\pic18-lt\cxx-framework\src\traditional\proc\p18f14k50.asm
               STATUSbits   0x000fd8       data     extern E:\3.46\pic18-lt\cxx-framework\src\traditional\proc\p18f14k50.asm
                    FSR2L   0x000fd9       data     extern E:\3.46\pic18-lt\cxx-framework\src\traditional\proc\p18f14k50.asm
                     FSR2   0x000fd9       data     extern E:\3.46\pic18-lt\cxx-framework\src\traditional\proc\p18f14k50.asm
                    FSR2H   0x000fda       data     extern E:\3.46\pic18-lt\cxx-framework\src\traditional\proc\p18f14k50.asm
                   PLUSW2   0x000fdb       data     extern E:\3.46\pic18-lt\cxx-framework\src\traditional\proc\p18f14k50.asm
                  PREINC2   0x000fdc       data     extern E:\3.46\pic18-lt\cxx-framework\src\traditional\proc\p18f14k50.asm
                 POSTDEC2   0x000fdd       data     extern E:\3.46\pic18-lt\cxx-framework\src\traditional\proc\p18f14k50.asm
                 POSTINC2   0x000fde       data     extern E:\3.46\pic18-lt\cxx-framework\src\traditional\proc\p18f14k50.asm
                    INDF2   0x000fdf       data     extern E:\3.46\pic18-lt\cxx-framework\src\traditional\proc\p18f14k50.asm
                      BSR   0x000fe0       data     extern E:\3.46\pic18-lt\cxx-framework\src\traditional\proc\p18f14k50.asm
                    FSR1L   0x000fe1       data     extern E:\3.46\pic18-lt\cxx-framework\src\traditional\proc\p18f14k50.asm
                     FSR1   0x000fe1       data     extern E:\3.46\pic18-lt\cxx-framework\src\traditional\proc\p18f14k50.asm
                    FSR1H   0x000fe2       data     extern E:\3.46\pic18-lt\cxx-framework\src\traditional\proc\p18f14k50.asm
                   PLUSW1   0x000fe3       data     extern E:\3.46\pic18-lt\cxx-framework\src\traditional\proc\p18f14k50.asm
                  PREINC1   0x000fe4       data     extern E:\3.46\pic18-lt\cxx-framework\src\traditional\proc\p18f14k50.asm
                 POSTDEC1   0x000fe5       data     extern E:\3.46\pic18-lt\cxx-framework\src\traditional\proc\p18f14k50.asm
                 POSTINC1   0x000fe6       data     extern E:\3.46\pic18-lt\cxx-framework\src\traditional\proc\p18f14k50.asm
                    INDF1   0x000fe7       data     extern E:\3.46\pic18-lt\cxx-framework\src\traditional\proc\p18f14k50.asm
                        W   0x000fe8       data     extern E:\3.46\pic18-lt\cxx-framework\src\traditional\proc\p18f14k50.asm
                     WREG   0x000fe8       data     extern E:\3.46\pic18-lt\cxx-framework\src\traditional\proc\p18f14k50.asm
                    FSR0L   0x000fe9       data     extern E:\3.46\pic18-lt\cxx-framework\src\traditional\proc\p18f14k50.asm
                     FSR0   0x000fe9       data     extern E:\3.46\pic18-lt\cxx-framework\src\traditional\proc\p18f14k50.asm
                    FSR0H   0x000fea       data     extern E:\3.46\pic18-lt\cxx-framework\src\traditional\proc\p18f14k50.asm
                   PLUSW0   0x000feb       data     extern E:\3.46\pic18-lt\cxx-framework\src\traditional\proc\p18f14k50.asm
                  PREINC0   0x000fec       data     extern E:\3.46\pic18-lt\cxx-framework\src\traditional\proc\p18f14k50.asm
                 POSTDEC0   0x000fed       data     extern E:\3.46\pic18-lt\cxx-framework\src\traditional\proc\p18f14k50.asm
                 POSTINC0   0x000fee       data     extern E:\3.46\pic18-lt\cxx-framework\src\traditional\proc\p18f14k50.asm
                    INDF0   0x000fef       data     extern E:\3.46\pic18-lt\cxx-framework\src\traditional\proc\p18f14k50.asm
              INTCON3bits   0x000ff0       data     extern E:\3.46\pic18-lt\cxx-framework\src\traditional\proc\p18f14k50.asm
                  INTCON3   0x000ff0       data     extern E:\3.46\pic18-lt\cxx-framework\src\traditional\proc\p18f14k50.asm
              INTCON2bits   0x000ff1       data     extern E:\3.46\pic18-lt\cxx-framework\src\traditional\proc\p18f14k50.asm
                  INTCON2   0x000ff1       data     extern E:\3.46\pic18-lt\cxx-framework\src\traditional\proc\p18f14k50.asm
               INTCONbits   0x000ff2       data     extern E:\3.46\pic18-lt\cxx-framework\src\traditional\proc\p18f14k50.asm
                   INTCON   0x000ff2       data     extern E:\3.46\pic18-lt\cxx-framework\src\traditional\proc\p18f14k50.asm
                    PRODL   0x000ff3       data     extern E:\3.46\pic18-lt\cxx-framework\src\traditional\proc\p18f14k50.asm
                     PROD   0x000ff3       data     extern E:\3.46\pic18-lt\cxx-framework\src\traditional\proc\p18f14k50.asm
                    PRODH   0x000ff4       data     extern E:\3.46\pic18-lt\cxx-framework\src\traditional\proc\p18f14k50.asm
                   TABLAT   0x000ff5       data     extern E:\3.46\pic18-lt\cxx-framework\src\traditional\proc\p18f14k50.asm
                   TBLPTR   0x000ff6       data     extern E:\3.46\pic18-lt\cxx-framework\src\traditional\proc\p18f14k50.asm
                  TBLPTRL   0x000ff6       data     extern E:\3.46\pic18-lt\cxx-framework\src\traditional\proc\p18f14k50.asm
                  TBLPTRH   0x000ff7       data     extern E:\3.46\pic18-lt\cxx-framework\src\traditional\proc\p18f14k50.asm
                  TBLPTRU   0x000ff8       data     extern E:\3.46\pic18-lt\cxx-framework\src\traditional\proc\p18f14k50.asm
                      PCL   0x000ff9       data     extern E:\3.46\pic18-lt\cxx-framework\src\traditional\proc\p18f14k50.asm
                       PC   0x000ff9       data     extern E:\3.46\pic18-lt\cxx-framework\src\traditional\proc\p18f14k50.asm
                   PCLATH   0x000ffa       data     extern E:\3.46\pic18-lt\cxx-framework\src\traditional\proc\p18f14k50.asm
                   PCLATU   0x000ffb       data     extern E:\3.46\pic18-lt\cxx-framework\src\traditional\proc\p18f14k50.asm
               STKPTRbits   0x000ffc       data     extern E:\3.46\pic18-lt\cxx-framework\src\traditional\proc\p18f14k50.asm
                   STKPTR   0x000ffc       data     extern E:\3.46\pic18-lt\cxx-framework\src\traditional\proc\p18f14k50.asm
                      TOS   0x000ffd       data     extern E:\3.46\pic18-lt\cxx-framework\src\traditional\proc\p18f14k50.asm
                     TOSL   0x000ffd       data     extern E:\3.46\pic18-lt\cxx-framework\src\traditional\proc\p18f14k50.asm
                     TOSH   0x000ffe       data     extern E:\3.46\pic18-lt\cxx-framework\src\traditional\proc\p18f14k50.asm
                     TOSU   0x000fff       data     extern E:\3.46\pic18-lt\cxx-framework\src\traditional\proc\p18f14k50.asm


